Component: ARM Compiler 5.06 update 6 (build 750) Tool: armlink [4d35ed]

==============================================================================

Section Cross References

    startup_stm32f103xb.o(RESET) refers to startup_stm32f103xb.o(STACK) for __initial_sp
    startup_stm32f103xb.o(RESET) refers to startup_stm32f103xb.o(.text) for Reset_Handler
    startup_stm32f103xb.o(RESET) refers to stm32f1xx_it.o(i.NMI_Handler) for NMI_Handler
    startup_stm32f103xb.o(RESET) refers to stm32f1xx_it.o(i.HardFault_Handler) for HardFault_Handler
    startup_stm32f103xb.o(RESET) refers to stm32f1xx_it.o(i.MemManage_Handler) for MemManage_Handler
    startup_stm32f103xb.o(RESET) refers to stm32f1xx_it.o(i.BusFault_Handler) for BusFault_Handler
    startup_stm32f103xb.o(RESET) refers to stm32f1xx_it.o(i.UsageFault_Handler) for UsageFault_Handler
    startup_stm32f103xb.o(RESET) refers to port.o(.emb_text) for SVC_Handler
    startup_stm32f103xb.o(RESET) refers to stm32f1xx_it.o(i.DebugMon_Handler) for DebugMon_Handler
    startup_stm32f103xb.o(RESET) refers to stm32f1xx_it.o(i.SysTick_Handler) for SysTick_Handler
    startup_stm32f103xb.o(RESET) refers to stm32f1xx_it.o(i.DMA1_Channel1_IRQHandler) for DMA1_Channel1_IRQHandler
    startup_stm32f103xb.o(RESET) refers to stm32f1xx_it.o(i.TIM1_UP_IRQHandler) for TIM1_UP_IRQHandler
    startup_stm32f103xb.o(RESET) refers to stm32f1xx_it.o(i.TIM3_IRQHandler) for TIM3_IRQHandler
    startup_stm32f103xb.o(RESET) refers to stm32f1xx_it.o(i.USART1_IRQHandler) for USART1_IRQHandler
    startup_stm32f103xb.o(.text) refers to system_stm32f1xx.o(i.SystemInit) for SystemInit
    startup_stm32f103xb.o(.text) refers to entry.o(.ARM.Collect$$$$00000000) for __main
    heap_4.o(i.prvHeapInit) refers to heap_4.o(.bss) for .bss
    heap_4.o(i.prvHeapInit) refers to heap_4.o(.data) for .data
    heap_4.o(i.prvInsertBlockIntoFreeList) refers to heap_4.o(.data) for .data
    heap_4.o(i.pvPortMalloc) refers to tasks.o(i.vTaskSuspendAll) for vTaskSuspendAll
    heap_4.o(i.pvPortMalloc) refers to heap_4.o(i.prvHeapInit) for prvHeapInit
    heap_4.o(i.pvPortMalloc) refers to heap_4.o(i.prvInsertBlockIntoFreeList) for prvInsertBlockIntoFreeList
    heap_4.o(i.pvPortMalloc) refers to tasks.o(i.xTaskResumeAll) for xTaskResumeAll
    heap_4.o(i.pvPortMalloc) refers to heap_4.o(.data) for .data
    heap_4.o(i.vPortFree) refers to tasks.o(i.vTaskSuspendAll) for vTaskSuspendAll
    heap_4.o(i.vPortFree) refers to heap_4.o(i.prvInsertBlockIntoFreeList) for prvInsertBlockIntoFreeList
    heap_4.o(i.vPortFree) refers to tasks.o(i.xTaskResumeAll) for xTaskResumeAll
    heap_4.o(i.vPortFree) refers to heap_4.o(.data) for .data
    heap_4.o(i.xPortGetFreeHeapSize) refers to heap_4.o(.data) for .data
    heap_4.o(i.xPortGetMinimumEverFreeHeapSize) refers to heap_4.o(.data) for .data
    cmsis_os.o(i.osDelay) refers to tasks.o(i.vTaskDelay) for vTaskDelay
    cmsis_os.o(i.osKernelRunning) refers to tasks.o(i.xTaskGetSchedulerState) for xTaskGetSchedulerState
    cmsis_os.o(i.osKernelStart) refers to tasks.o(i.vTaskStartScheduler) for vTaskStartScheduler
    cmsis_os.o(i.osKernelSysTick) refers to cmsis_os.o(i.inHandlerMode) for inHandlerMode
    cmsis_os.o(i.osKernelSysTick) refers to tasks.o(i.xTaskGetTickCountFromISR) for xTaskGetTickCountFromISR
    cmsis_os.o(i.osKernelSysTick) refers to tasks.o(i.xTaskGetTickCount) for xTaskGetTickCount
    cmsis_os.o(i.osMailAlloc) refers to cmsis_os.o(i.osPoolAlloc) for osPoolAlloc
    cmsis_os.o(i.osMailCAlloc) refers to cmsis_os.o(i.osMailAlloc) for osMailAlloc
    cmsis_os.o(i.osMailCreate) refers to heap_4.o(i.pvPortMalloc) for pvPortMalloc
    cmsis_os.o(i.osMailCreate) refers to queue.o(i.xQueueGenericCreate) for xQueueGenericCreate
    cmsis_os.o(i.osMailCreate) refers to cmsis_os.o(i.osPoolCreate) for osPoolCreate
    cmsis_os.o(i.osMailCreate) refers to heap_4.o(i.vPortFree) for vPortFree
    cmsis_os.o(i.osMailFree) refers to cmsis_os.o(i.osPoolFree) for osPoolFree
    cmsis_os.o(i.osMailGet) refers to cmsis_os.o(i.inHandlerMode) for inHandlerMode
    cmsis_os.o(i.osMailGet) refers to queue.o(i.xQueueReceiveFromISR) for xQueueReceiveFromISR
    cmsis_os.o(i.osMailGet) refers to queue.o(i.xQueueGenericReceive) for xQueueGenericReceive
    cmsis_os.o(i.osMailPut) refers to cmsis_os.o(i.inHandlerMode) for inHandlerMode
    cmsis_os.o(i.osMailPut) refers to queue.o(i.xQueueGenericSendFromISR) for xQueueGenericSendFromISR
    cmsis_os.o(i.osMailPut) refers to queue.o(i.xQueueGenericSend) for xQueueGenericSend
    cmsis_os.o(i.osMessageAvailableSpace) refers to queue.o(i.uxQueueSpacesAvailable) for uxQueueSpacesAvailable
    cmsis_os.o(i.osMessageCreate) refers to queue.o(i.xQueueGenericCreate) for xQueueGenericCreate
    cmsis_os.o(i.osMessageDelete) refers to cmsis_os.o(i.inHandlerMode) for inHandlerMode
    cmsis_os.o(i.osMessageDelete) refers to queue.o(i.vQueueDelete) for vQueueDelete
[...]
    HAL_SYSTICK_CLKSourceConfig              0x08002bd5   Thumb Code    24  stm32f1xx_hal_cortex.o(i.HAL_SYSTICK_CLKSourceConfig)
    HAL_SYSTICK_Config                       0x08002bed   Thumb Code    40  stm32f1xx_hal_cortex.o(i.HAL_SYSTICK_Config)
    HAL_TIMEx_BreakCallback                  0x08002c15   Thumb Code     2  stm32f1xx_hal_tim_ex.o(i.HAL_TIMEx_BreakCallback)
    HAL_TIMEx_CommutationCallback            0x08002c17   Thumb Code     2  stm32f1xx_hal_tim_ex.o(i.HAL_TIMEx_CommutationCallback)
    HAL_TIMEx_MasterConfigSynchronization    0x08002c19   Thumb Code    80  stm32f1xx_hal_tim_ex.o(i.HAL_TIMEx_MasterConfigSynchronization)
    HAL_TIM_Base_Init                        0x08002c69   Thumb Code    54  stm32f1xx_hal_tim.o(i.HAL_TIM_Base_Init)
    HAL_TIM_Base_MspInit                     0x08002ca1   Thumb Code    72  stm32f1xx_hal_msp.o(i.HAL_TIM_Base_MspInit)
    HAL_TIM_Base_Start_IT                    0x08002cf1   Thumb Code    24  stm32f1xx_hal_tim.o(i.HAL_TIM_Base_Start_IT)
    HAL_TIM_ConfigClockSource                0x08002d09   Thumb Code   242  stm32f1xx_hal_tim.o(i.HAL_TIM_ConfigClockSource)
    HAL_TIM_IC_CaptureCallback               0x08002dfb   Thumb Code     2  stm32f1xx_hal_tim.o(i.HAL_TIM_IC_CaptureCallback)
    HAL_TIM_IRQHandler                       0x08002dfd   Thumb Code   358  stm32f1xx_hal_tim.o(i.HAL_TIM_IRQHandler)
    HAL_TIM_MspPostInit                      0x08002f65   Thumb Code    50  stm32f1xx_hal_msp.o(i.HAL_TIM_MspPostInit)
    HAL_TIM_OC_DelayElapsedCallback          0x08002fa1   Thumb Code     2  stm32f1xx_hal_tim.o(i.HAL_TIM_OC_DelayElapsedCallback)
    HAL_TIM_PWM_ConfigChannel                0x08002fa3   Thumb Code   208  stm32f1xx_hal_tim.o(i.HAL_TIM_PWM_ConfigChannel)
    HAL_TIM_PWM_Init                         0x08003073   Thumb Code    54  stm32f1xx_hal_tim.o(i.HAL_TIM_PWM_Init)
    HAL_TIM_PWM_MspInit                      0x080030a9   Thumb Code     2  stm32f1xx_hal_tim.o(i.HAL_TIM_PWM_MspInit)
    HAL_TIM_PWM_PulseFinishedCallback        0x080030ab   Thumb Code     2  stm32f1xx_hal_tim.o(i.HAL_TIM_PWM_PulseFinishedCallback)
    HAL_TIM_PWM_Start                        0x080030ad   Thumb Code    42  stm32f1xx_hal_tim.o(i.HAL_TIM_PWM_Start)
    HAL_TIM_PeriodElapsedCallback            0x080030dd   Thumb Code    40  main.o(i.HAL_TIM_PeriodElapsedCallback)
    HAL_TIM_TriggerCallback                  0x08003115   Thumb Code     2  stm32f1xx_hal_tim.o(i.HAL_TIM_TriggerCallback)
    HAL_UART_ErrorCallback                   0x08003117   Thumb Code     2  stm32f1xx_hal_uart.o(i.HAL_UART_ErrorCallback)
    HAL_UART_GetState                        0x08003119   Thumb Code    10  stm32f1xx_hal_uart.o(i.HAL_UART_GetState)
    HAL_UART_IRQHandler                      0x08003125   Thumb Code   266  stm32f1xx_hal_uart.o(i.HAL_UART_IRQHandler)
    HAL_UART_Init                            0x08003235   Thumb Code    98  stm32f1xx_hal_uart.o(i.HAL_UART_Init)
    HAL_UART_MspInit                         0x08003299   Thumb Code    92  stm32f1xx_hal_msp.o(i.HAL_UART_MspInit)
    HAL_UART_Receive_IT                      0x08003301   Thumb Code    82  stm32f1xx_hal_uart.o(i.HAL_UART_Receive_IT)
    HAL_UART_RxCpltCallback                  0x08003355   Thumb Code    76  main.o(i.HAL_UART_RxCpltCallback)
    HAL_UART_Transmit                        0x080033b1   Thumb Code   186  stm32f1xx_hal_uart.o(i.HAL_UART_Transmit)
    HAL_UART_TxCpltCallback                  0x0800346b   Thumb Code     2  stm32f1xx_hal_uart.o(i.HAL_UART_TxCpltCallback)
    HardFault_Handler                        0x0800346d   Thumb Code     2  stm32f1xx_it.o(i.HardFault_Handler)
    MemManage_Handler                        0x08003581   Thumb Code     2  stm32f1xx_it.o(i.MemManage_Handler)
    NMI_Handler                              0x08003583   Thumb Code     2  stm32f1xx_it.o(i.NMI_Handler)
    StartDefaultTask                         0x080035a5   Thumb Code   130  main.o(i.StartDefaultTask)
    StartMessTask                            0x0800363d   Thumb Code    46  main.o(i.StartMessTask)
    StartUARTTxTask                          0x0800367d   Thumb Code    50  main.o(i.StartUARTTxTask)
    SysTick_Handler                          0x080036b9   Thumb Code     4  stm32f1xx_it.o(i.SysTick_Handler)
    SystemClock_Config                       0x080036bd   Thumb Code   104  main.o(i.SystemClock_Config)
    SystemInit                               0x08003725   Thumb Code    56  system_stm32f1xx.o(i.SystemInit)
    TIM1_UP_IRQHandler                       0x0800376d   Thumb Code     6  stm32f1xx_it.o(i.TIM1_UP_IRQHandler)
    TIM3_IRQHandler                          0x08003779   Thumb Code     6  stm32f1xx_it.o(i.TIM3_IRQHandler)
    TIM_Base_SetConfig                       0x08003785   Thumb Code    94  stm32f1xx_hal_tim.o(i.TIM_Base_SetConfig)
    TIM_CCxChannelCmd                        0x080037f1   Thumb Code    22  stm32f1xx_hal_tim.o(i.TIM_CCxChannelCmd)
    TIM_OC2_SetConfig                        0x0800387d   Thumb Code    84  stm32f1xx_hal_tim.o(i.TIM_OC2_SetConfig)
    USART1_IRQHandler                        0x08003cb1   Thumb Code     6  stm32f1xx_it.o(i.USART1_IRQHandler)
    UsageFault_Handler                       0x08003cbd   Thumb Code     2  stm32f1xx_it.o(i.UsageFault_Handler)
    _Error_Handler                           0x08003cbf   Thumb Code     2  main.o(i._Error_Handler)
    trim(std::basic_string<char, std::char_traits<char>, std::allocator<char>>) 0x08003cc1   Thumb Code    90  adcled.o(i._Z4trimSs)
    catgets(__rw::__rw_cat*, int, int, const char*) 0x08003d1d   Thumb Code    28  rwcats.o(i._Z7catgetsPN4__rw8__rw_catEiiPKc)
    catopen(const char*, int)                0x08003d3d   Thumb Code    34  rwcats.o(i._Z7catopenPKci)
    isnumber(std::basic_string<char, std::char_traits<char>, std::allocator<char>>) 0x08003d61   Thumb Code    40  adcled.o(i._Z8isnumberSs)
    __rw::__rw_throw(int, ...)               0x08003f39   Thumb Code    86  rwstdexcept.o(i._ZN4__rw10__rw_throwEiz)
    __rw::__rw_allocate(unsigned, int)       0x08003f95   Thumb Code    32  rwalloc.o(i._ZN4__rw13__rw_allocateEji)
    __rw::__rw_deallocate(void*, unsigned, int) 0x08003fb5   Thumb Code     4  rwalloc.o(i._ZN4__rw15__rw_deallocateEPvji)
    __rw::__rw_facet_base::_C_initfacet(const std::locale&) 0x08003fb9   Thumb Code     2  char.o(i._ZN4__rw15__rw_facet_base12_C_initfacetERKSt6locale)
    __rw::__rw_locale_imp::__rw_locale_imp(const char*, unsigned, unsigned) 0x08003fbd   Thumb Code   226  locale.o(i._ZN4__rw15__rw_locale_impC1EPKcjj)
    __rw::__rw_locale_imp::__rw_locale_imp__sub_object(const char*, unsigned, unsigned) 0x08003fbd   Thumb Code     0  locale.o(i._ZN4__rw15__rw_locale_impC1EPKcjj)
    __rw::__rw_locale_imp::~__rw_locale_imp() 0x080040a9   Thumb Code    26  locale.o(i._ZN4__rw15__rw_locale_impD1Ev)
    __rw::__rw_locale_imp::~__rw_locale_imp__sub_object() 0x080040a9   Thumb Code     0  locale.o(i._ZN4__rw15__rw_locale_impD1Ev)
    __rw::__rw_use_c_lib_locale::__rw_use_c_lib_locale(const char*, int) 0x080040c3   Thumb Code    58  locale.o(i._ZN4__rw21__rw_use_c_lib_localeC1EPKci)
    __rw::__rw_use_c_lib_locale::__rw_use_c_lib_locale__sub_object(const char*, int) 0x080040c3   Thumb Code     0  locale.o(i._ZN4__rw21__rw_use_c_lib_localeC1EPKci)
    __rw::__rw_use_c_lib_locale::~__rw_use_c_lib_locale() 0x080040fd   Thumb Code    24  char.o(i._ZN4__rw21__rw_use_c_lib_localeD1Ev)
    __rw::__rw_use_c_lib_locale::~__rw_use_c_lib_locale__sub_object() 0x080040fd   Thumb Code     0  char.o(i._ZN4__rw21__rw_use_c_lib_localeD1Ev)
    __rw::__rw_throw_exception_noex(int, char*) 0x08004115   Thumb Code    58  rwthrowproc_impl_noex.o(i._ZN4__rw25__rw_throw_exception_noexEiPc)
    __rw::__catfind(__rw::__rw_cat*)         0x080041ad   Thumb Code    42  rwcats.o(i._ZN4__rw9__catfindEPNS_8__rw_catE)
    std::__rw_exception::what() const        0x080041dd   Thumb Code     4  rwstdexcept.o(i._ZNKSt14__rw_exception4whatEv)
    std::__rw_messages_base::_C_cat_open(const std::basic_string<char, std::char_traits<char>, std::allocator<char>>&, const std::locale&) const 0x080041e1   Thumb Code   114  messages.o(i._ZNKSt18__rw_messages_base11_C_cat_openERKSsRKSt6locale)
    std::__rw_messages_base::_C_get_locale(int) const 0x08004253   Thumb Code    32  messages.o(i._ZNKSt18__rw_messages_base13_C_get_localeEi)
    std::__rw_messages_base::_C_get_message(int, int, int) const 0x08004273   Thumb Code    52  messages.o(i._ZNKSt18__rw_messages_base14_C_get_messageEiii)
    std::ctype<char>::is(std::ctype_base::mask, char) const 0x080042a7   Thumb Code    14  char.o(i._ZNKSt5ctypeIcE2isENSt10ctype_base4maskEc)
    std::locale::_C_make_facet(const std::locale::id&, bool, int, __rw::__rw_facet_base*(*)(int, const char*, unsigned)) const 0x080042b5   Thumb Code   252  locale.o(i._ZNKSt6locale13_C_make_facetERKNS_2idEbiPFPN4__rw15__rw_facet_baseEiPKcjE)
    std::locale::_C_install_facet(__rw::__rw_facet_base*, const std::locale::id&) const 0x080043bd   Thumb Code   112  locale.o(i._ZNKSt6locale16_C_install_facetEPN4__rw15__rw_facet_baseERKNS_2idE)
    std::locale::name() const                0x08004431   Thumb Code    44  locale.o(i._ZNKSt6locale4nameEv)
    std::char_traits<char>::copy(char*, const char*, unsigned) 0x08004461   Thumb Code    12  adcled.o(i._ZNSt11char_traitsIcE4copyEPcPKcj)
    std::ctype_byname<char>::_C_get_mask_table(const char*) 0x0800446d   Thumb Code   186  char.o(i._ZNSt12ctype_bynameIcE17_C_get_mask_tableEPKc)
    std::ctype_byname<char>::ctype_byname(const char*, unsigned) 0x08004539   Thumb Code   280  char.o(i._ZNSt12ctype_bynameIcEC1EPKcj)
    std::ctype_byname<char>::ctype_byname__sub_object(const char*, unsigned) 0x08004539   Thumb Code     0  char.o(i._ZNSt12ctype_bynameIcEC1EPKcj)
    std::ctype_byname<char>::~ctype_byname__deallocating() 0x08004659   Thumb Code    14  char.o(i._ZNSt12ctype_bynameIcED0Ev)
    std::ctype_byname<char>::~ctype_byname() 0x08004667   Thumb Code     8  char.o(i._ZNSt12ctype_bynameIcED1Ev)
    std::ctype_byname<char>::~ctype_byname__sub_object() 0x08004667   Thumb Code     0  char.o(i._ZNSt12ctype_bynameIcED1Ev)
    std::__rw_exception::_C_vformat(int, std::__va_list) 0x08004671   Thumb Code   128  rwstdexcept.o(i._ZNSt14__rw_exception10_C_vformatEiSt9__va_list)
    std::__rw_exception::__rw_exception()    0x080046f5   Thumb Code    16  rwstdexcept.o(i._ZNSt14__rw_exceptionC1Ev)
    std::__rw_exception::__rw_exception__sub_object() 0x080046f5   Thumb Code     0  rwstdexcept.o(i._ZNSt14__rw_exceptionC1Ev)
    std::__rw_exception::~__rw_exception()   0x08004709   Thumb Code    22  rwstdexcept.o(i._ZNSt14__rw_exceptionD1Ev)
    std::__rw_exception::~__rw_exception__sub_object() 0x08004709   Thumb Code     0  rwstdexcept.o(i._ZNSt14__rw_exceptionD1Ev)
    std::__rw_messages_base::~__rw_messages_base() 0x08004725   Thumb Code     8  rwstdexcept.o(i._ZNSt18__rw_messages_baseD1Ev)
    std::__rw_messages_base::~__rw_messages_base__sub_object() 0x08004725   Thumb Code     0  rwstdexcept.o(i._ZNSt18__rw_messages_baseD1Ev)
    std::__rw_open_cat_data::__rw_open_cat_data() 0x0800472d   Thumb Code    26  messages.o(i._ZNSt18__rw_open_cat_dataC1Ev)
    std::__rw_open_cat_data::__rw_open_cat_data__sub_object() 0x0800472d   Thumb Code     0  messages.o(i._ZNSt18__rw_open_cat_dataC1Ev)
    std::__rw_open_cat_data::~__rw_open_cat_data() 0x08004747   Thumb Code    12  messages.o(i._ZNSt18__rw_open_cat_dataD1Ev)
    std::__rw_open_cat_data::~__rw_open_cat_data__sub_object() 0x08004747   Thumb Code     0  messages.o(i._ZNSt18__rw_open_cat_dataD1Ev)
    std::__rw_open_cat_data::operator =(const std::__rw_open_cat_data&) 0x08004753   Thumb Code    18  messages.o(i._ZNSt18__rw_open_cat_dataaSERKS_)
    std::ctype<char>::_C_initfacet(const std::locale&) 0x08004765   Thumb Code   250  char.o(i._ZNSt5ctypeIcE12_C_initfacetERKSt6locale)
    std::ctype<char>::ctype(const std::ctype_base::mask*, bool, unsigned) 0x08004861   Thumb Code   270  char.o(i._ZNSt5ctypeIcEC1EPKNSt10ctype_base4maskEbj)
    std::ctype<char>::ctype__sub_object(const std::ctype_base::mask*, bool, unsigned) 0x08004861   Thumb Code     0  char.o(i._ZNSt5ctypeIcEC1EPKNSt10ctype_base4maskEbj)
    std::ctype<char>::~ctype__deallocating() 0x08004979   Thumb Code    14  char.o(i._ZNSt5ctypeIcED0Ev)
    std::ctype<char>::~ctype()               0x08004989   Thumb Code    38  char.o(i._ZNSt5ctypeIcED1Ev)
    std::ctype<char>::~ctype__sub_object()   0x08004989   Thumb Code     0  char.o(i._ZNSt5ctypeIcED1Ev)
    std::locale::facet::~facet__deallocating() 0x080049b5   Thumb Code    14  rwstdexcept.o(i._ZNSt6locale5facetD0Ev)
    std::locale::_C_init()                   0x080049c5   Thumb Code   120  locale.o(i._ZNSt6locale7_C_initEv)
    std::locale::classic()                   0x08004a49   Thumb Code    56  locale.o(i._ZNSt6locale7classicEv)
    std::locale::locale(__rw::__rw_locale_imp*) 0x08004a8d   Thumb Code    28  locale.o(i._ZNSt6localeC1EPN4__rw15__rw_locale_impE)
    std::locale::locale__sub_object(__rw::__rw_locale_imp*) 0x08004a8d   Thumb Code     0  locale.o(i._ZNSt6localeC1EPN4__rw15__rw_locale_impE)
    std::locale::locale(const std::locale&)  0x08004aad   Thumb Code    12  messages.o(i._ZNSt6localeC1ERKS_)
    std::locale::locale__sub_object(const std::locale&) 0x08004aad   Thumb Code     0  messages.o(i._ZNSt6localeC1ERKS_)
    std::locale::locale()                    0x08004ab9   Thumb Code    28  rwstdexcept.o(i._ZNSt6localeC1Ev)
    std::locale::locale__sub_object()        0x08004ab9   Thumb Code     0  rwstdexcept.o(i._ZNSt6localeC1Ev)
    std::locale::~locale()                   0x08004ad9   Thumb Code    32  locale.o(i._ZNSt6localeD1Ev)
    std::locale::~locale__sub_object()       0x08004ad9   Thumb Code     0  locale.o(i._ZNSt6localeD1Ev)
    std::locale::operator =(const std::locale&) 0x08004af9   Thumb Code    50  locale.o(i._ZNSt6localeaSERKS_)
    std::messages<char>::~messages__deallocating() 0x08004b2b   Thumb Code    14  rwstdexcept.o(i._ZNSt8messagesIcED0Ev)
    std::messages<char>::~messages()         0x08004b39   Thumb Code    16  rwstdexcept.o(i._ZNSt8messagesIcED1Ev)
    std::messages<char>::~messages__sub_object() 0x08004b39   Thumb Code     0  rwstdexcept.o(i._ZNSt8messagesIcED1Ev)
    std::exception::exception()              0x08004b49   Thumb Code     6  exception_ctor.o(i._ZNSt9exceptionC1Ev)
    std::exception::exception__sub_object()  0x08004b49   Thumb Code     0  exception_ctor.o(i._ZNSt9exceptionC1Ev)
    std::__rw_get_cats()                     0x08004b55   Thumb Code    44  messages.o(i._ZSt13__rw_get_catsv)
    operator delete[] (void*)                0x08004b91   Thumb Code     8  array_del.o(i._ZdaPv)
    operator delete (void*)                  0x08004b99   Thumb Code     8  delete.o(i._ZdlPv)
    operator new[] (unsigned)                0x08004ba1   Thumb Code     8  array_new.o(i._Znaj)
    operator new(unsigned)                   0x08004ba9   Thumb Code    34  new.o(i._Znwj)
    __0fprintf                               0x08004bd1   Thumb Code    22  printfa.o(i.__0fprintf)
    __1fprintf                               0x08004bd1   Thumb Code     0  printfa.o(i.__0fprintf)
    __2fprintf                               0x08004bd1   Thumb Code     0  printfa.o(i.__0fprintf)
    __c89fprintf                             0x08004bd1   Thumb Code     0  printfa.o(i.__0fprintf)
    fprintf                                  0x08004bd1   Thumb Code     0  printfa.o(i.__0fprintf)
    __0sprintf                               0x08004bed   Thumb Code    34  printfa.o(i.__0sprintf)
    __1sprintf                               0x08004bed   Thumb Code     0  printfa.o(i.__0sprintf)
    __2sprintf                               0x08004bed   Thumb Code     0  printfa.o(i.__0sprintf)
    __c89sprintf                             0x08004bed   Thumb Code     0  printfa.o(i.__0sprintf)
    sprintf                                  0x08004bed   Thumb Code     0  printfa.o(i.__0sprintf)
    __0vsnprintf                             0x08004c15   Thumb Code    40  printfa.o(i.__0vsnprintf)
    __1vsnprintf                             0x08004c15   Thumb Code     0  printfa.o(i.__0vsnprintf)
    __2vsnprintf                             0x08004c15   Thumb Code     0  printfa.o(i.__0vsnprintf)
    __c89vsnprintf                           0x08004c15   Thumb Code     0  printfa.o(i.__0vsnprintf)
    vsnprintf                                0x08004c15   Thumb Code     0  printfa.o(i.__0vsnprintf)
    __ARM_array_new_general                  0x08004c41   Thumb Code   146  array_new_general.o(i.__ARM_array_new_general)
    __aeabi_errno_addr                       0x08004cd5   Thumb Code     4  errno.o(i.__aeabi_errno_addr)
    __rt_errno_addr                          0x08004cd5   Thumb Code     0  errno.o(i.__aeabi_errno_addr)
    __aeabi_vec_dtor_cookie                  0x08004cdd   Thumb Code    16  aeabi_vec_dtor_cookie.o(i.__aeabi_vec_dtor_cookie)
    __aeabi_vec_new_cookie                   0x08004ced   Thumb Code    20  aeabi_vec_new_cookie.o(i.__aeabi_vec_new_cookie)
    __cxa_guard_acquire                      0x08004d01   Thumb Code    16  cxa_guard_acquire.o(i.__cxa_guard_acquire)
    __cxa_vec_new                            0x08004d11   Thumb Code    18  cxa_vec_new.o(i.__cxa_vec_new)
    __scatterload_copy                       0x08004d29   Thumb Code    14  handlers.o(i.__scatterload_copy)
    __scatterload_null                       0x08004d37   Thumb Code     2  handlers.o(i.__scatterload_null)
    __scatterload_zeroinit                   0x08004d39   Thumb Code    14  handlers.o(i.__scatterload_zeroinit)
    _is_digit                                0x08004f25   Thumb Code    14  scanf_fp.o(i._is_digit)
    add_ADC_Value                            0x08005685   Thumb Code    82  adcled.o(i.add_ADC_Value)
    fputc                                    0x080056e1   Thumb Code    18  fputc.o(i.fputc)
    free                                     0x080056f5   Thumb Code    76  malloc.o(i.free)
    main                                     0x08005745   Thumb Code   262  main.o(i.main)
    malloc                                   0x08005871   Thumb Code    92  malloc.o(i.malloc)
    osKernelStart                            0x080058dd   Thumb Code    10  cmsis_os.o(i.osKernelStart)
    osSystickHandler                         0x080058e7   Thumb Code    20  cmsis_os.o(i.osSystickHandler)
    osThreadCreate                           0x080058fb   Thumb Code    46  cmsis_os.o(i.osThreadCreate)
    pvPortMalloc                             0x08005d7d   Thumb Code   210  heap_4.o(i.pvPortMalloc)
    pvTaskIncrementMutexHeldCount            0x08005e55   Thumb Code    18  tasks.o(i.pvTaskIncrementMutexHeldCount)
    pxPortInitialiseStack                    0x08005e6d   Thumb Code    32  port.o(i.pxPortInitialiseStack)
    uxListRemove                             0x08005e91   Thumb Code    36  list.o(i.uxListRemove)
    vListInitialise                          0x08005eb5   Thumb Code    22  list.o(i.vListInitialise)
    vListInitialiseItem                      0x08005ecb   Thumb Code     6  list.o(i.vListInitialiseItem)
    vListInsert                              0x08005ed1   Thumb Code    48  list.o(i.vListInsert)
    vListInsertEnd                           0x08005f01   Thumb Code    24  list.o(i.vListInsertEnd)
    vPortEnterCritical                       0x08005f19   Thumb Code    54  port.o(i.vPortEnterCritical)
    vPortExitCritical                        0x08005f59   Thumb Code    34  port.o(i.vPortExitCritical)
    vPortFree                                0x08005f81   Thumb Code    88  heap_4.o(i.vPortFree)
    vPortSetupTimerInterrupt                 0x08005fdd   Thumb Code    26  port.o(i.vPortSetupTimerInterrupt)
    vPortValidateInterruptPriority           0x08005ffd   Thumb Code    74  port.o(i.vPortValidateInterruptPriority)
    vTaskMissedYield                         0x08006051   Thumb Code     8  tasks.o(i.vTaskMissedYield)
    vTaskPlaceOnEventList                    0x0800605d   Thumb Code    44  tasks.o(i.vTaskPlaceOnEventList)
    vTaskPriorityInherit                     0x0800608d   Thumb Code   124  tasks.o(i.vTaskPriorityInherit)
    vTaskSetTimeOutState                     0x08006111   Thumb Code    30  tasks.o(i.vTaskSetTimeOutState)
    vTaskStartScheduler                      0x08006135   Thumb Code    86  tasks.o(i.vTaskStartScheduler)
    vTaskSuspendAll                          0x0800619d   Thumb Code    10  tasks.o(i.vTaskSuspendAll)
    vTaskSwitchContext                       0x080061ad   Thumb Code    82  tasks.o(i.vTaskSwitchContext)
    xPortStartScheduler                      0x08006209   Thumb Code   102  port.o(i.xPortStartScheduler)
    xPortSysTickHandler                      0x0800627d   Thumb Code    38  port.o(i.xPortSysTickHandler)
    xQueueGenericCreate                      0x080062a9   Thumb Code    72  queue.o(i.xQueueGenericCreate)
    xQueueGenericReceive                     0x080062f1   Thumb Code   360  queue.o(i.xQueueGenericReceive)
    xQueueGenericReset                       0x0800645d   Thumb Code   132  queue.o(i.xQueueGenericReset)
    xQueueGenericSendFromISR                 0x080064e5   Thumb Code   188  queue.o(i.xQueueGenericSendFromISR)
    xTaskCheckForTimeOut                     0x080065a1   Thumb Code   102  tasks.o(i.xTaskCheckForTimeOut)
    xTaskCreate                              0x0800660d   Thumb Code    86  tasks.o(i.xTaskCreate)
    xTaskGetSchedulerState                   0x08006665   Thumb Code    22  tasks.o(i.xTaskGetSchedulerState)
    xTaskIncrementTick                       0x08006681   Thumb Code   192  tasks.o(i.xTaskIncrementTick)
    xTaskPriorityDisinherit                  0x08006749   Thumb Code   144  tasks.o(i.xTaskPriorityDisinherit)
    xTaskRemoveFromEventList                 0x080067e1   Thumb Code   108  tasks.o(i.xTaskRemoveFromEventList)
    xTaskResumeAll                           0x08006855   Thumb Code   182  tasks.o(i.xTaskResumeAll)
    __rw::__string_ref<char, std::char_traits<char>, std::allocator<char>>::_C_inc_ref() 0x08006919   Thumb Code    14  adcled.o(t._ZN4__rw12__string_refIcSt11char_traitsIcESaIcEE10_C_inc_refEv)
    __rw::__rw_facet_maker<std::ctype<char>>::_C_maker_func(int, const char*, unsigned) 0x0800692d   Thumb Code    70  rwstdexcept.o(t._ZN4__rw16__rw_facet_makerISt5ctypeIcEE13_C_maker_funcEiPKcj)
    __rw::__rw_locale_vector<__rw::__rw_facet_base*>::resize(unsigned, __rw::__rw_facet_base*const &) 0x08006973   Thumb Code    86  locale.o(t._ZN4__rw18__rw_locale_vectorIPNS_15__rw_facet_baseEE6resizeEjRKS2_)
    __rw::__rw_locale_vector<__rw::__rw_facet_base*>::~__rw_locale_vector() 0x080069c9   Thumb Code    14  locale.o(t._ZN4__rw18__rw_locale_vectorIPNS_15__rw_facet_baseEED1Ev)
    __rw::__rw_locale_vector<__rw::__rw_facet_base*>::~__rw_locale_vector__sub_object() 0x080069c9   Thumb Code     0  locale.o(t._ZN4__rw18__rw_locale_vectorIPNS_15__rw_facet_baseEED1Ev)
    __rw::__rw_locale_vector<__rw::__rw_cat*>::~__rw_locale_vector() 0x080069d7   Thumb Code    14  rwcats.o(t._ZN4__rw18__rw_locale_vectorIPNS_8__rw_catEED1Ev)
    __rw::__rw_locale_vector<__rw::__rw_cat*>::~__rw_locale_vector__sub_object() 0x080069d7   Thumb Code     0  rwcats.o(t._ZN4__rw18__rw_locale_vectorIPNS_8__rw_catEED1Ev)
    __rw::__rw_locale_vector<std::basic_string<char, std::char_traits<char>, std::allocator<char>>>::~__rw_locale_vector() 0x080069e5   Thumb Code    16  locale.o(t._ZN4__rw18__rw_locale_vectorISsED1Ev)
    __rw::__rw_locale_vector<std::basic_string<char, std::char_traits<char>, std::allocator<char>>>::~__rw_locale_vector__sub_object() 0x080069e5   Thumb Code     0  locale.o(t._ZN4__rw18__rw_locale_vectorISsED1Ev)
    __rw::__rw_locale_vector<std::__rw_open_cat_data>::resize(unsigned) 0x080069f9   Thumb Code   122  messages.o(t._ZN4__rw18__rw_locale_vectorISt18__rw_open_cat_dataE6resizeEj)
    __rw::__rw_locale_vector<std::__rw_open_cat_data>::~__rw_locale_vector() 0x08006a81   Thumb Code    16  messages.o(t._ZN4__rw18__rw_locale_vectorISt18__rw_open_cat_dataED1Ev)
    __rw::__rw_locale_vector<std::__rw_open_cat_data>::~__rw_locale_vector__sub_object() 0x08006a81   Thumb Code     0  messages.o(t._ZN4__rw18__rw_locale_vectorISt18__rw_open_cat_dataED1Ev)
    std::basic_string<char, std::char_traits<char>, std::allocator<char>>::empty() const 0x08006a95   Thumb Code    16  adcled.o(t._ZNKSs5emptyEv)
    std::basic_string<char, std::char_traits<char>, std::allocator<char>>::substr(unsigned, unsigned) const 0x08006aa5   Thumb Code   110  adcled.o(t._ZNKSs6substrEjj)
    std::basic_string<char, std::char_traits<char>, std::allocator<char>>::compare(unsigned, unsigned, const char*, unsigned) const 0x08006b21   Thumb Code   100  adcled.o(t._ZNKSs7compareEjjPKcj)
    std::messages<char>::do_get(int, int, int, const std::basic_string<char, std::char_traits<char>, std::allocator<char>>&) const 0x08006b89   Thumb Code   136  rwstdexcept.o(t._ZNKSt8messagesIcE6do_getEiiiRKSs)
    std::messages<char>::do_open(const std::basic_string<char, std::char_traits<char>, std::allocator<char>>&, const std::locale&) const 0x08006c19   Thumb Code     6  rwstdexcept.o(t._ZNKSt8messagesIcE7do_openERKSsRKSt6locale)
    std::basic_string<char, std::char_traits<char>, std::allocator<char>>::_C_allocate(unsigned, unsigned, unsigned) 0x08006c1f   Thumb Code    50  locale.o(t._ZNSs11_C_allocateEjjj)
    std::basic_string<char, std::char_traits<char>, std::allocator<char>>::erase(unsigned, unsigned) 0x08006c51   Thumb Code    74  adcled.o(t._ZNSs5eraseEjj)
    std::basic_string<char, std::char_traits<char>, std::allocator<char>>::replace(unsigned, unsigned, const char*, unsigned) 0x08006ca1   Thumb Code    24  locale.o(t._ZNSs7replaceEjjPKcj)
    std::basic_string<char, std::char_traits<char>, std::allocator<char>>::replace(unsigned, unsigned, const char*, unsigned, unsigned, unsigned) 0x08006cb9   Thumb Code   352  char.o(t._ZNSs7replaceEjjPKcjjj)
    std::basic_string<char, std::char_traits<char>, std::allocator<char>>::_C_getRep(unsigned, unsigned) 0x08006e21   Thumb Code   108  char.o(t._ZNSs9_C_getRepEjj)
    std::basic_string<char, std::char_traits<char>, std::allocator<char>>::_C_unlink() 0x08006e95   Thumb Code    66  char.o(t._ZNSs9_C_unlinkEv)
    std::basic_string<char, std::char_traits<char>, std::allocator<char>>::basic_string(const char*, const std::allocator<char>&) 0x08006edd   Thumb Code    52  locale.o(t._ZNSsC1EPKcRKSaIcE)
    std::basic_string<char, std::char_traits<char>, std::allocator<char>>::basic_string__sub_object(const char*, const std::allocator<char>&) 0x08006edd   Thumb Code     0  locale.o(t._ZNSsC1EPKcRKSaIcE)
    std::basic_string<char, std::char_traits<char>, std::allocator<char>>::basic_string(const std::allocator<char>&) 0x08006f15   Thumb Code    12  locale.o(t._ZNSsC1ERKSaIcE)
    std::basic_string<char, std::char_traits<char>, std::allocator<char>>::basic_string__sub_object(const std::allocator<char>&) 0x08006f15   Thumb Code     0  locale.o(t._ZNSsC1ERKSaIcE)
    std::basic_string<char, std::char_traits<char>, std::allocator<char>>::basic_string(const std::basic_string<char, std::char_traits<char>, std::allocator<char>>&) 0x08006f25   Thumb Code    62  char.o(t._ZNSsC1ERKSs)
    std::basic_string<char, std::char_traits<char>, std::allocator<char>>::basic_string__sub_object(const std::basic_string<char, std::char_traits<char>, std::allocator<char>>&) 0x08006f25   Thumb Code     0  char.o(t._ZNSsC1ERKSs)
    std::basic_string<char, std::char_traits<char>, std::allocator<char>>::~basic_string() 0x08006f63   Thumb Code    12  char.o(t._ZNSsD1Ev)
    std::basic_string<char, std::char_traits<char>, std::allocator<char>>::~basic_string__sub_object() 0x08006f63   Thumb Code     0  char.o(t._ZNSsD1Ev)
    std::basic_string<char, std::char_traits<char>, std::allocator<char>>::operator =(const char*) 0x08006f71   Thumb Code    70  locale.o(t._ZNSsaSEPKc)
    std::basic_string<char, std::char_traits<char>, std::allocator<char>>::operator =(const std::basic_string<char, std::char_traits<char>, std::allocator<char>>&) 0x08006fbd   Thumb Code    62  locale.o(t._ZNSsaSERKSs)
    std::basic_string<char, std::char_traits<char>, std::allocator<char>>::operator [](unsigned) 0x08006ffd   Thumb Code    86  adcled.o(t._ZNSsixEj)
    const T1& std::max<unsigned>(const T1&, const T1&) 0x08007059   Thumb Code    12  adcled.o(t._ZSt3maxIjERKT_S2_S2_)
    bool std::operator ==<char, std::char_traits<char>, std::allocator<char>>(const std::basic_string<T1, T2, T3>&, const T1*) 0x08007065   Thumb Code    40  adcled.o(t._ZSteqIcSt11char_traitsIcESaIcEEbRKSbIT_T0_T1_EPKS3_)
    AHBPrescTable                            0x0800708c   Data          16  system_stm32f1xx.o(.constdata)
    APBPrescTable                            0x0800709c   Data           8  system_stm32f1xx.o(.constdata)
    std::ctype<char>::_C_classic_table       0x0800713c   Data         512  char.o(.constdata)
    __ctype_table                            0x0800733c   Data         129  ctype_o.o(.constdata)
    vtable for std::locale::facet            0x080073c4   Data          20  rwstdexcept.o(.constdata__ZTVNSt6locale5facetE)
    vtable for std::ctype_byname<char>       0x080073d8   Data          52  char.o(.constdata__ZTVSt12ctype_bynameIcE)
    vtable for std::__rw_exception           0x0800740c   Data          20  rwstdexcept.o(.constdata__ZTVSt14__rw_exception)
    vtable for std::ctype<char>              0x08007420   Data          52  char.o(.constdata__ZTVSt5ctypeIcE)
    vtable for std::messages<char>           0x08007454   Data          32  rwstdexcept.o(.constdata__ZTVSt8messagesIcE)
    vtable for std::exception                0x08007474   Data          20  exception_dtor.o(.constdata__ZTVSt9exception)
    __rw::__rw_locale_imp::_C_category_name(int) const::string 0x08007488   Data           1  locale.o(.constdata__ZZNK4__rw15__rw_locale_imp16_C_category_nameEiEs)
    std::basic_string<char, std::char_traits<char>, std::allocator<char>>::substr(unsigned, unsigned) const::string 0x08007489   Data           1  adcled.o(.constdata__ZZNKSs6substrEjjEs)
    std::basic_string<char, std::char_traits<char>, std::allocator<char>>::compare(unsigned, unsigned, const char*, unsigned) const::string 0x0800748a   Data           1  adcled.o(.constdata__ZZNKSs7compareEjjPKcjEs)
    std::basic_string<char, std::char_traits<char>, std::allocator<char>>::erase(unsigned, unsigned)::string 0x0800748b   Data           1  adcled.o(.constdata__ZZNSs5eraseEjjEs)
    std::basic_string<char, std::char_traits<char>, std::allocator<char>>::replace(unsigned, unsigned, const char*, unsigned, unsigned, unsigned)::string 0x0800748c   Data           1  adcled.o(.constdata__ZZNSs7replaceEjjPKcjjjEs)
    std::basic_string<char, std::char_traits<char>, std::allocator<char>>::_C_getRep(unsigned, unsigned)::string 0x0800748d   Data           1  adcled.o(.constdata__ZZNSs9_C_getRepEjjEs)
    std::basic_string<char, std::char_traits<char>, std::allocator<char>>::basic_string(const char*, unsigned, const std::allocator<char>&)::string 0x0800748e   Data           1  adcled.o(.constdata__ZZNSsC1EPKcjRKSaIcEEs)
    std::messages<char>::messages(unsigned)::string 0x0800748f   Data           2  rwstdexcept.o(.constdata__ZZNSt8messagesIcEC1EjEs)
    Region$$Table$$Base                      0x0800772c   Number         0  anon$$obj.o(Region$$Table)
    Region$$Table$$Limit                     0x0800774c   Number         0  anon$$obj.o(Region$$Table)
    SHT$$INIT_ARRAY$$Base                    0x0800774c   Number         0  char.o(.init_array)
    SHT$$INIT_ARRAY$$Limit                   0x08007758   Number         0  cpp_init.o(.init_array)
    pxCurrentTCB                             0x20000018   Data           4  tasks.o(.data)
    uwTickFreq                               0x20000060   Data           1  stm32f1xx_hal.o(.data)
    uwTickPrio                               0x20000064   Data           4  stm32f1xx_hal.o(.data)
    uwTick                                   0x20000068   Data           4  stm32f1xx_hal.o(.data)
    SystemCoreClock                          0x2000006c   Data           4  system_stm32f1xx.o(.data)
    messRXbyte                               0x20000070   Data           1  main.o(.data)
    flag_add_ADC_value                       0x20000071   Data           1  main.o(.data)
    defaultTaskHandle                        0x20000074   Data           4  main.o(.data)
    MessTaskHandle                           0x20000078   Data           4  main.o(.data)
    UARTTxTaskHandle                         0x2000007c   Data           4  main.o(.data)
    mess_byte_num                            0x20000080   Data           4  main.o(.data)
    iqueue                                   0x20000084   Data           4  main.o(.data)
    oqueue                                   0x20000088   Data           4  main.o(.data)
    ADC_Value                                0x2000008c   Data           4  main.o(.data)
    std::ctype<char>::id                     0x200000a8   Data           4  char.o(.data)
    std::ctype<wchar_t>::id                  0x200000ac   Data           4  char.o(.data)
    std::locale::_C_classic                  0x200000b8   Data           4  locale.o(.data)
    std::locale::_C_native                   0x200000bc   Data           4  locale.o(.data)
    std::locale::_C_global                   0x200000c0   Data           4  locale.o(.data)
    std::codecvt<char, char, std::__mbstate_t>::id 0x200000c4   Data           4  locale.o(.data)
    std::codecvt<wchar_t, char, std::__mbstate_t>::id 0x200000c8   Data           4  locale.o(.data)
    __rw_throw_proc                          0x200000cc   Data           4  rwthrowproc_noex.o(.data)
    __stderr                                 0x200000d0   Data           4  stderr.o(.data)
    __microlib_freelist                      0x200000ec   Data           4  mvars.o(.data)
    __microlib_freelist_initialised          0x200000f0   Data           4  mvars.o(.data)
    std::locale::id::_C_init() const::_C_id_gen 0x200000f8   Data           4  locale.o(.data__ZZNKSt6locale2id7_C_initEvE9_C_id_gen)
    guard variable for std::__rw_get_cats()::__open_cats 0x200000fc   Data           4  messages.o(.data__ZZSt13__rw_get_catsvE11__open_cats)
    std::__rw_get_cats()::__open_cats        0x20000100   Data           8  messages.o(.data__ZZSt13__rw_get_catsvE11__open_cats)
    htim1                                    0x20001968   Data          64  stm32f1xx_hal_timebase_tim.o(.bss)
    hadc1                                    0x200019a8   Data          48  main.o(.bss)
    htim2                                    0x200019d8   Data          64  main.o(.bss)
    htim3                                    0x20001a18   Data          64  main.o(.bss)
    huart1                                   0x20001a58   Data          64  main.o(.bss)
    mess_buf                                 0x20001a98   Data          33  main.o(.bss)
    AL                                       0x20001abc   Data          60  main.o(.bss)
    hdma_adc1                                0x20001af8   Data          68  main.o(.bss)
    std::basic_string<char, std::char_traits<char>, std::allocator<char>>::__nullref 0x20001b58   Data          16  vendor.o(.bss__ZNSs9__nullrefE)
    __heap_base                              0x20001b68   Data           0  startup_stm32f103xb.o(HEAP)
    __heap_limit                             0x20001d68   Data           0  startup_stm32f103xb.o(HEAP)
    __initial_sp                             0x20002168   Data           0  startup_stm32f103xb.o(STACK)



==============================================================================

Memory Map of the image

  Image Entry point : 0x080000ed

  Load Region LR_IROM1 (Base: 0x08000000, Size: 0x00007860, Max: 0x00020000, ABSOLUTE)

    Execution Region ER_IROM1 (Exec base: 0x08000000, Load base: 0x08000000, Size: 0x00007758, Max: 0x00020000, ABSOLUTE)

    Exec Addr    Load Addr    Size         Type   Attr      Idx    E Section Name        Object

    0x08000000   0x08000000   0x000000ec   Data   RO            3    RESET               startup_stm32f103xb.o
    0x080000ec   0x080000ec   0x00000000   Code   RO         4661  * .ARM.Collect$$$$00000000  mc_w.l(entry.o)
    0x080000ec   0x080000ec   0x00000004   Code   RO         5592    .ARM.Collect$$$$00000001  mc_w.l(entry2.o)
    0x080000f0   0x080000f0   0x00000004   Code   RO         5595    .ARM.Collect$$$$00000004  mc_w.l(entry5.o)
    0x080000f4   0x080000f4   0x00000000   Code   RO         5597    .ARM.Collect$$$$00000008  mc_w.l(entry7b.o)
    0x080000f4   0x080000f4   0x00000004   Code   RO         5598    .ARM.Collect$$$$00000009  mc_w.l(entry8a.o)
    0x080000f8   0x080000f8   0x00000000   Code   RO         5599    .ARM.Collect$$$$0000000A  mc_w.l(entry8b.o)
    0x080000f8   0x080000f8   0x00000008   Code   RO         5600    .ARM.Collect$$$$0000000B  mc_w.l(entry9a.o)
    0x08000100   0x08000100   0x00000000   Code   RO         5602    .ARM.Collect$$$$0000000D  mc_w.l(entry10a.o)
    0x08000100   0x08000100   0x00000004   Code   RO         5603    .ARM.Collect$$$$0000000E  mc_w.l(entry10b.o)
    0x08000104   0x08000104   0x00000000   Code   RO         5604    .ARM.Collect$$$$0000000F  mc_w.l(entry11a.o)
    0x08000104   0x08000104   0x00000004   Code   RO         5593    .ARM.Collect$$$$00002712  mc_w.l(entry2.o)
    0x08000108   0x08000108   0x00000096   Code   RO          814    .emb_text           port.o
    0x0800019e   0x0800019e   0x00000002   PAD
    0x080001a0   0x080001a0   0x00000024   Code   RO            4    .text               startup_stm32f103xb.o
    0x080001c4   0x080001c4   0x00000020   Code   RO         4664    .text               mc_w.l(llushr.o)
    0x080001e4   0x080001e4   0x00000040   Code   RO         4668    .text               mc_w.l(memmovea.o)
    0x08000224   0x08000224   0x00000024   Code   RO         4670    .text               mc_w.l(strstr.o)
    0x08000248   0x08000248   0x0000000e   Code   RO         4672    .text               mc_w.l(strlen.o)
    0x08000256   0x08000256   0x0000001a   Code   RO         4674    .text               mc_w.l(memcmp.o)
    0x08000270   0x08000270   0x0000001c   Code   RO         4676    .text               mc_w.l(strspn.o)
    0x0800028c   0x0800028c   0x0000001a   Code   RO         4943    .text               mc_w.l(atoi.o)
    0x080002a6   0x080002a6   0x0000007c   Code   RO         4945    .text               mf_w.l(fdiv.o)
    0x08000322   0x08000322   0x0000014e   Code   RO         4947    .text               mf_w.l(dadd.o)
    0x08000470   0x08000470   0x000000e4   Code   RO         4949    .text               mf_w.l(dmul.o)
    0x08000554   0x08000554   0x000000de   Code   RO         4951    .text               mf_w.l(ddiv.o)
    0x08000632   0x08000632   0x00000012   Code   RO         4953    .text               mf_w.l(fflti.o)
    0x08000644   0x08000644   0x0000003e   Code   RO         4955    .text               mf_w.l(dfixi.o)
    0x08000682   0x08000682   0x00000026   Code   RO         4957    .text               mf_w.l(f2d.o)
    0x080006a8   0x080006a8   0x00000038   Code   RO         4959    .text               mf_w.l(d2f.o)
    0x080006e0   0x080006e0   0x0000000e   Code   RO         5574    .text               cpprt_w.l(aeabi_vec_delete_noexceptions.o)
    0x080006ee   0x080006ee   0x0000002c   Code   RO         5610    .text               mc_w.l(uidiv.o)
    0x0800071a   0x0800071a   0x00000062   Code   RO         5612    .text               mc_w.l(uldiv.o)
    0x0800077c   0x0800077c   0x0000001e   Code   RO         5614    .text               mc_w.l(llshl.o)
    0x0800079a   0x0800079a   0x00000024   Code   RO         5616    .text               mc_w.l(llsshr.o)
    0x080007be   0x080007be   0x00000018   Code   RO         5622    .text               mc_w.l(strcat.o)
    0x080007d6   0x080007d6   0x00000012   Code   RO         5624    .text               mc_w.l(strcpy.o)
    0x080007e8   0x080007e8   0x00000020   Code   RO         5626    .text               mc_w.l(strrchr.o)
    0x08000808   0x08000808   0x00000038   Code   RO         5635    .text               mc_w.l(sscanf.o)
    0x08000840   0x08000840   0x00000070   Code   RO         5637    .text               mc_w.l(strtol.o)
    0x080008b0   0x080008b0   0x00000000   Code   RO         5639    .text               mc_w.l(iusefp.o)
    0x080008b0   0x080008b0   0x0000006e   Code   RO         5640    .text               mf_w.l(fepilogue.o)
    0x0800091e   0x0800091e   0x000000ba   Code   RO         5642    .text               mf_w.l(depilogue.o)
    0x080009d8   0x080009d8   0x00000030   Code   RO         5644    .text               mf_w.l(dfixul.o)
    0x08000a08   0x08000a08   0x00000030   Code   RO         5646    .text               mf_w.l(cdrcmple.o)
    0x08000a38   0x08000a38   0x00000004   Code   RO         5737    .text               cpprt_w.l(arm_newhandler_noexceptions.o)
    0x08000a3c   0x08000a3c   0x0000001a   Code   RO         5784    .text               cpprt_w.l(arm_exceptions_terminate.o)
    0x08000a56   0x08000a56   0x00000002   PAD
    0x08000a58   0x08000a58   0x00000050   Code   RO         5794    .text               cpprt_w.l(arm_exceptions_globs.o)
    0x08000aa8   0x08000aa8   0x00000024   Code   RO         5800    .text               mc_w.l(init.o)
    0x08000acc   0x08000acc   0x00000000   Code   RO         5802    .text               mc_w.l(semi.o)
    0x08000acc   0x08000acc   0x00000008   Code   RO         5803    .text               mc_w.l(ctype_o.o)
    0x08000ad4   0x08000ad4   0x00000012   Code   RO         5825    .text               mc_w.l(isspace_o.o)
    0x08000ae6   0x08000ae6   0x00000042   Code   RO         5839    .text               mc_w.l(memmove.o)
    0x08000b28   0x08000b28   0x0000001c   Code   RO         5843    .text               mc_w.l(strcmp.o)
    0x08000b44   0x08000b44   0x00000156   Code   RO         5883    .text               mc_w.l(_scanf_longlong.o)
    0x08000c9a   0x08000c9a   0x0000014c   Code   RO         5885    .text               mc_w.l(_scanf_int.o)
    0x08000de6   0x08000de6   0x000000e0   Code   RO         5887    .text               mc_w.l(_scanf_str.o)
    0x08000ec6   0x08000ec6   0x00000002   PAD
    0x08000ec8   0x08000ec8   0x00000360   Code   RO         5889    .text               mc_w.l(scanf_fp.o)
    0x08001228   0x08001228   0x00000028   Code   RO         5893    .text               mc_w.l(scanf_char.o)
    0x08001250   0x08001250   0x00000040   Code   RO         5895    .text               mc_w.l(_sgetc.o)
    0x08001290   0x08001290   0x0000009e   Code   RO         5897    .text               mc_w.l(_strtoul.o)
    0x0800132e   0x0800132e   0x00000000   Code   RO         5899    .text               mc_w.l(iusesemip.o)
    0x0800132e   0x0800132e   0x00000002   PAD
    0x08001330   0x08001330   0x00000014   Code   RO         5900    .text               mc_w.l(cpp_memory.o)
    0x08001344   0x08001344   0x0000002e   Code   RO         5903    .text               mc_w.l(aeabi_atexit.o)
    0x08001372   0x08001372   0x00000002   Code   RO         5905    .text               cpprt_w.l(arm_rethrow_noexceptions.o)
    0x08001374   0x08001374   0x00000022   Code   RO         5914    .text               cpprt_w.l(aeabi_vec_dtor_noexceptions.o)
    0x08001396   0x08001396   0x0000003c   Code   RO         5920    .text               cpprt_w.l(arm_exceptions_mem.o)
    0x080013d2   0x080013d2   0x0000001c   Code   RO         5936    .text               mc_w.l(_chval.o)
    0x080013ee   0x080013ee   0x00000002   PAD
    0x080013f0   0x080013f0   0x0000032c   Code   RO         5938    .text               mc_w.l(_scanf.o)
    0x0800171c   0x0800171c   0x00000008   Code   RO         5942    .text               mc_w.l(cpp_dtor.o)
    0x08001724   0x08001724   0x00000042   Code   RO         5945    .text               mc_w.l(cxa_finalize.o)
    0x08001766   0x08001766   0x00000018   Code   RO         5947    .text               mf_w.l(dfltul.o)
    0x0800177e   0x0800177e   0x00000002   Code   RO         5964    .text               mc_w.l(cpp_final.o)
    0x08001780   0x08001780   0x0000001c   Code   RO         5966    .text               cpprt_w.l(ARM_vec_cleanup_noexceptions.o)
    0x0800179c   0x0800179c   0x00000020   Code   RO         5974    .text               mc_w.l(cpp_init.o)
    0x080017bc   0x080017bc   0x00000014   Code   RO         5205    i.<Func5>           cpp_ws.l(locale.o)
    0x080017d0   0x080017d0   0x0000004c   Code   RO         3426    i.ADC_ConversionStop_Disable  stm32f1xx_hal_adc.o
    0x0800181c   0x0800181c   0x0000004e   Code   RO         3427    i.ADC_DMAConvCplt   stm32f1xx_hal_adc.o
    0x0800186a   0x0800186a   0x0000001a   Code   RO         3428    i.ADC_DMAError      stm32f1xx_hal_adc.o
    0x08001884   0x08001884   0x0000000a   Code   RO         3429    i.ADC_DMAHalfConvCplt  stm32f1xx_hal_adc.o
    0x0800188e   0x0800188e   0x00000002   PAD
    0x08001890   0x08001890   0x00000070   Code   RO         3430    i.ADC_Enable        stm32f1xx_hal_adc.o
    0x08001900   0x08001900   0x000001a0   Code   RO         3954    i.ALdoit            adcled.o
    0x08001aa0   0x08001aa0   0x0000001e   Code   RO         3955    i.ALinit            adcled.o
    0x08001abe   0x08001abe   0x00000002   Code   RO         3863    i.BusFault_Handler  stm32f1xx_it.o
    0x08001ac0   0x08001ac0   0x0000000c   Code   RO         3864    i.DMA1_Channel1_IRQHandler  stm32f1xx_it.o
    0x08001acc   0x08001acc   0x0000002a   Code   RO         2337    i.DMA_SetConfig     stm32f1xx_hal_dma.o
    0x08001af6   0x08001af6   0x00000002   Code   RO         3865    i.DebugMon_Handler  stm32f1xx_it.o
    0x08001af8   0x08001af8   0x000000fc   Code   RO         3432    i.HAL_ADC_ConfigChannel  stm32f1xx_hal_adc.o
    0x08001bf4   0x08001bf4   0x00000030   Code   RO         3684    i.HAL_ADC_ConvCpltCallback  main.o
    0x08001c24   0x08001c24   0x00000002   Code   RO         3434    i.HAL_ADC_ConvHalfCpltCallback  stm32f1xx_hal_adc.o
    0x08001c26   0x08001c26   0x00000002   Code   RO         3436    i.HAL_ADC_ErrorCallback  stm32f1xx_hal_adc.o
    0x08001c28   0x08001c28   0x0000011c   Code   RO         3441    i.HAL_ADC_Init      stm32f1xx_hal_adc.o
    0x08001d44   0x08001d44   0x00000094   Code   RO         3797    i.HAL_ADC_MspInit   stm32f1xx_hal_msp.o
    0x08001dd8   0x08001dd8   0x0000010c   Code   RO         3448    i.HAL_ADC_Start_DMA  stm32f1xx_hal_adc.o
    0x08001ee4   0x08001ee4   0x0000004c   Code   RO         3451    i.HAL_ADC_Stop_DMA  stm32f1xx_hal_adc.o
    0x08001f30   0x08001f30   0x00000030   Code   RO         2338    i.HAL_DMA_Abort     stm32f1xx_hal_dma.o
    0x08001f60   0x08001f60   0x00000098   Code   RO         2339    i.HAL_DMA_Abort_IT  stm32f1xx_hal_dma.o
    0x08001ff8   0x08001ff8   0x00000154   Code   RO         2343    i.HAL_DMA_IRQHandler  stm32f1xx_hal_dma.o
    0x0800214c   0x0800214c   0x00000064   Code   RO         2344    i.HAL_DMA_Init      stm32f1xx_hal_dma.o
    0x080021b0   0x080021b0   0x00000070   Code   RO         2348    i.HAL_DMA_Start_IT  stm32f1xx_hal_dma.o
    0x08002220   0x08002220   0x000001bc   Code   RO         1452    i.HAL_GPIO_Init     stm32f1xx_hal_gpio.o
    0x080023dc   0x080023dc   0x0000000a   Code   RO         1456    i.HAL_GPIO_WritePin  stm32f1xx_hal_gpio.o
    0x080023e6   0x080023e6   0x00000002   PAD
    0x080023e8   0x080023e8   0x0000000c   Code   RO         1562    i.HAL_GetTick       stm32f1xx_hal.o
    0x080023f4   0x080023f4   0x00000010   Code   RO         1566    i.HAL_IncTick       stm32f1xx_hal.o
    0x08002404   0x08002404   0x00000024   Code   RO         1567    i.HAL_Init          stm32f1xx_hal.o
    0x08002428   0x08002428   0x00000074   Code   RO         3644    i.HAL_InitTick      stm32f1xx_hal_timebase_tim.o
    0x0800249c   0x0800249c   0x00000080   Code   RO         3798    i.HAL_MspInit       stm32f1xx_hal_msp.o
    0x0800251c   0x0800251c   0x00000016   Code   RO         2434    i.HAL_NVIC_EnableIRQ  stm32f1xx_hal_cortex.o
    0x08002532   0x08002532   0x00000002   PAD
    0x08002534   0x08002534   0x00000040   Code   RO         2440    i.HAL_NVIC_SetPriority  stm32f1xx_hal_cortex.o
    0x08002574   0x08002574   0x00000024   Code   RO         2441    i.HAL_NVIC_SetPriorityGrouping  stm32f1xx_hal_cortex.o
    0x08002598   0x08002598   0x000000ec   Code   RO         2676    i.HAL_RCCEx_PeriphCLKConfig  stm32f1xx_hal_rcc_ex.o
    0x08002684   0x08002684   0x00000154   Code   RO         2236    i.HAL_RCC_ClockConfig  stm32f1xx_hal_rcc.o
    0x080027d8   0x080027d8   0x00000040   Code   RO         2240    i.HAL_RCC_GetClockConfig  stm32f1xx_hal_rcc.o
    0x08002818   0x08002818   0x0000000c   Code   RO         2241    i.HAL_RCC_GetHCLKFreq  stm32f1xx_hal_rcc.o
    0x08002824   0x08002824   0x00000020   Code   RO         2243    i.HAL_RCC_GetPCLK1Freq  stm32f1xx_hal_rcc.o
    0x08002844   0x08002844   0x00000020   Code   RO         2244    i.HAL_RCC_GetPCLK2Freq  stm32f1xx_hal_rcc.o
    0x08002864   0x08002864   0x0000006c   Code   RO         2245    i.HAL_RCC_GetSysClockFreq  stm32f1xx_hal_rcc.o
    0x080028d0   0x080028d0   0x00000304   Code   RO         2248    i.HAL_RCC_OscConfig  stm32f1xx_hal_rcc.o
    0x08002bd4   0x08002bd4   0x00000018   Code   RO         2443    i.HAL_SYSTICK_CLKSourceConfig  stm32f1xx_hal_cortex.o
    0x08002bec   0x08002bec   0x00000028   Code   RO         2445    i.HAL_SYSTICK_Config  stm32f1xx_hal_cortex.o
    0x08002c14   0x08002c14   0x00000002   Code   RO         1135    i.HAL_TIMEx_BreakCallback  stm32f1xx_hal_tim_ex.o
    0x08002c16   0x08002c16   0x00000002   Code   RO         1136    i.HAL_TIMEx_CommutationCallback  stm32f1xx_hal_tim_ex.o
    0x08002c18   0x08002c18   0x00000050   Code   RO         1152    i.HAL_TIMEx_MasterConfigSynchronization  stm32f1xx_hal_tim_ex.o
    0x08002c68   0x08002c68   0x00000036   Code   RO         2712    i.HAL_TIM_Base_Init  stm32f1xx_hal_tim.o
    0x08002c9e   0x08002c9e   0x00000002   PAD
    0x08002ca0   0x08002ca0   0x00000050   Code   RO         3800    i.HAL_TIM_Base_MspInit  stm32f1xx_hal_msp.o
    0x08002cf0   0x08002cf0   0x00000018   Code   RO         2717    i.HAL_TIM_Base_Start_IT  stm32f1xx_hal_tim.o
    0x08002d08   0x08002d08   0x000000f2   Code   RO         2721    i.HAL_TIM_ConfigClockSource  stm32f1xx_hal_tim.o
    0x08002dfa   0x08002dfa   0x00000002   Code   RO         2741    i.HAL_TIM_IC_CaptureCallback  stm32f1xx_hal_tim.o
    0x08002dfc   0x08002dfc   0x00000166   Code   RO         2754    i.HAL_TIM_IRQHandler  stm32f1xx_hal_tim.o
    0x08002f62   0x08002f62   0x00000002   PAD
    0x08002f64   0x08002f64   0x0000003c   Code   RO         3801    i.HAL_TIM_MspPostInit  stm32f1xx_hal_msp.o
    0x08002fa0   0x08002fa0   0x00000002   Code   RO         2757    i.HAL_TIM_OC_DelayElapsedCallback  stm32f1xx_hal_tim.o
    0x08002fa2   0x08002fa2   0x000000d0   Code   RO         2778    i.HAL_TIM_PWM_ConfigChannel  stm32f1xx_hal_tim.o
    0x08003072   0x08003072   0x00000036   Code   RO         2781    i.HAL_TIM_PWM_Init  stm32f1xx_hal_tim.o
    0x080030a8   0x080030a8   0x00000002   Code   RO         2783    i.HAL_TIM_PWM_MspInit  stm32f1xx_hal_tim.o
    0x080030aa   0x080030aa   0x00000002   Code   RO         2784    i.HAL_TIM_PWM_PulseFinishedCallback  stm32f1xx_hal_tim.o
    0x080030ac   0x080030ac   0x00000030   Code   RO         2785    i.HAL_TIM_PWM_Start  stm32f1xx_hal_tim.o
    0x080030dc   0x080030dc   0x00000038   Code   RO         3685    i.HAL_TIM_PeriodElapsedCallback  main.o
    0x08003114   0x08003114   0x00000002   Code   RO         2795    i.HAL_TIM_TriggerCallback  stm32f1xx_hal_tim.o
    0x08003116   0x08003116   0x00000002   Code   RO         1731    i.HAL_UART_ErrorCallback  stm32f1xx_hal_uart.o
    0x08003118   0x08003118   0x0000000a   Code   RO         1733    i.HAL_UART_GetState  stm32f1xx_hal_uart.o
    0x08003122   0x08003122   0x00000002   PAD
    0x08003124   0x08003124   0x00000110   Code   RO         1734    i.HAL_UART_IRQHandler  stm32f1xx_hal_uart.o
    0x08003234   0x08003234   0x00000062   Code   RO         1735    i.HAL_UART_Init     stm32f1xx_hal_uart.o
    0x08003296   0x08003296   0x00000002   PAD
    0x08003298   0x08003298   0x00000068   Code   RO         3803    i.HAL_UART_MspInit  stm32f1xx_hal_msp.o
    0x08003300   0x08003300   0x00000052   Code   RO         1740    i.HAL_UART_Receive_IT  stm32f1xx_hal_uart.o
    0x08003352   0x08003352   0x00000002   PAD
    0x08003354   0x08003354   0x0000005c   Code   RO         3686    i.HAL_UART_RxCpltCallback  main.o
    0x080033b0   0x080033b0   0x000000ba   Code   RO         1743    i.HAL_UART_Transmit  stm32f1xx_hal_uart.o
    0x0800346a   0x0800346a   0x00000002   Code   RO         1746    i.HAL_UART_TxCpltCallback  stm32f1xx_hal_uart.o
    0x0800346c   0x0800346c   0x00000002   Code   RO         3866    i.HardFault_Handler  stm32f1xx_it.o
    0x0800346e   0x0800346e   0x00000002   PAD
    0x08003470   0x08003470   0x00000044   Code   RO         3687    i.MX_ADC1_Init      main.o
    0x080034b4   0x080034b4   0x00000078   Code   RO         3688    i.MX_TIM2_Init      main.o
    0x0800352c   0x0800352c   0x00000054   Code   RO         3689    i.MX_TIM3_Init      main.o
    0x08003580   0x08003580   0x00000002   Code   RO         3867    i.MemManage_Handler  stm32f1xx_it.o
    0x08003582   0x08003582   0x00000002   Code   RO         3868    i.NMI_Handler       stm32f1xx_it.o
    0x08003584   0x08003584   0x00000020   Code   RO         2447    i.NVIC_SetPriority  stm32f1xx_hal_cortex.o
    0x080035a4   0x080035a4   0x00000098   Code   RO         3690    i.StartDefaultTask  main.o
    0x0800363c   0x0800363c   0x00000040   Code   RO         3691    i.StartMessTask     main.o
    0x0800367c   0x0800367c   0x0000003c   Code   RO         3692    i.StartUARTTxTask   main.o
    0x080036b8   0x080036b8   0x00000004   Code   RO         3869    i.SysTick_Handler   stm32f1xx_it.o
    0x080036bc   0x080036bc   0x00000068   Code   RO         3693    i.SystemClock_Config  main.o
    0x08003724   0x08003724   0x00000048   Code   RO         3607    i.SystemInit        system_stm32f1xx.o
    0x0800376c   0x0800376c   0x0000000c   Code   RO         3870    i.TIM1_UP_IRQHandler  stm32f1xx_it.o
    0x08003778   0x08003778   0x0000000c   Code   RO         3871    i.TIM3_IRQHandler   stm32f1xx_it.o
    0x08003784   0x08003784   0x0000006c   Code   RO         2796    i.TIM_Base_SetConfig  stm32f1xx_hal_tim.o
    0x080037f0   0x080037f0   0x00000016   Code   RO         2797    i.TIM_CCxChannelCmd  stm32f1xx_hal_tim.o
    0x08003806   0x08003806   0x00000014   Code   RO         2803    i.TIM_ETR_SetConfig  stm32f1xx_hal_tim.o
    0x0800381a   0x0800381a   0x00000010   Code   RO         2804    i.TIM_ITRx_SetConfig  stm32f1xx_hal_tim.o
    0x0800382a   0x0800382a   0x00000002   PAD
    0x0800382c   0x0800382c   0x00000050   Code   RO         2805    i.TIM_OC1_SetConfig  stm32f1xx_hal_tim.o
    0x0800387c   0x0800387c   0x00000058   Code   RO         2806    i.TIM_OC2_SetConfig  stm32f1xx_hal_tim.o
    0x080038d4   0x080038d4   0x00000058   Code   RO         2807    i.TIM_OC3_SetConfig  stm32f1xx_hal_tim.o
    0x0800392c   0x0800392c   0x00000044   Code   RO         2808    i.TIM_OC4_SetConfig  stm32f1xx_hal_tim.o
    0x08003970   0x08003970   0x00000022   Code   RO         2810    i.TIM_TI1_ConfigInputStage  stm32f1xx_hal_tim.o
    0x08003992   0x08003992   0x00000024   Code   RO         2812    i.TIM_TI2_ConfigInputStage  stm32f1xx_hal_tim.o
    0x080039b6   0x080039b6   0x00000010   Code   RO         1748    i.UART_DMAAbortOnError  stm32f1xx_hal_uart.o
    0x080039c6   0x080039c6   0x0000001c   Code   RO         1758    i.UART_EndRxTransfer  stm32f1xx_hal_uart.o
    0x080039e2   0x080039e2   0x00000096   Code   RO         1760    i.UART_Receive_IT   stm32f1xx_hal_uart.o
    0x08003a78   0x08003a78   0x00000170   Code   RO         1761    i.UART_SetConfig    stm32f1xx_hal_uart.o
    0x08003be8   0x08003be8   0x00000062   Code   RO         1762    i.UART_Transmit_IT  stm32f1xx_hal_uart.o
    0x08003c4a   0x08003c4a   0x00000064   Code   RO         1763    i.UART_WaitOnFlagUntilTimeout  stm32f1xx_hal_uart.o
    0x08003cae   0x08003cae   0x00000002   PAD
    0x08003cb0   0x08003cb0   0x0000000c   Code   RO         3872    i.USART1_IRQHandler  stm32f1xx_it.o
    0x08003cbc   0x08003cbc   0x00000002   Code   RO         3873    i.UsageFault_Handler  stm32f1xx_it.o
    0x08003cbe   0x08003cbe   0x00000002   Code   RO         3694    i._Error_Handler    main.o
    0x08003cc0   0x08003cc0   0x0000005a   Code   RO         3956    i._Z4trimSs         adcled.o
    0x08003d1a   0x08003d1a   0x00000002   PAD
    0x08003d1c   0x08003d1c   0x00000020   Code   RO         5648    i._Z7catgetsPN4__rw8__rw_catEiiPKc  cpp_ws.l(rwcats.o)
    0x08003d3c   0x08003d3c   0x00000022   Code   RO         5649    i._Z7catopenPKci    cpp_ws.l(rwcats.o)
    0x08003d5e   0x08003d5e   0x00000002   PAD
    0x08003d60   0x08003d60   0x00000034   Code   RO         3957    i._Z8isnumberSs     adcled.o
    0x08003d94   0x08003d94   0x00000058   Code   RO         4536    i._ZN37_INTERNAL_15_rwstdexcept_cpp_8697b68a4__rw13__rw_vfmatstrEPcjPKcSt9__va_list  cpp_ws.l(rwstdexcept.o)
    0x08003dec   0x08003dec   0x0000014c   Code   RO         4537    i._ZN37_INTERNAL_15_rwstdexcept_cpp_8697b68a4__rw13__rw_vfmatstrEPcjiSt9__va_list  cpp_ws.l(rwstdexcept.o)
    0x08003f38   0x08003f38   0x0000005c   Code   RO         4539    i._ZN4__rw10__rw_throwEiz  cpp_ws.l(rwstdexcept.o)
    0x08003f94   0x08003f94   0x00000020   Code   RO         4396    i._ZN4__rw13__rw_allocateEji  cpp_ws.l(rwalloc.o)
    0x08003fb4   0x08003fb4   0x00000004   Code   RO         4397    i._ZN4__rw15__rw_deallocateEPvji  cpp_ws.l(rwalloc.o)
    0x08003fb8   0x08003fb8   0x00000002   Code   RO         5152    i._ZN4__rw15__rw_facet_base12_C_initfacetERKSt6locale  cpp_ws.l(char.o)
    0x08003fba   0x08003fba   0x00000002   PAD
    0x08003fbc   0x08003fbc   0x000000ec   Code   RO         5308    i._ZN4__rw15__rw_locale_impC1EPKcjj  cpp_ws.l(locale.o)
    0x080040a8   0x080040a8   0x0000001a   Code   RO         5346    i._ZN4__rw15__rw_locale_impD1Ev  cpp_ws.l(locale.o)
    0x080040c2   0x080040c2   0x0000003a   Code   RO         5206    i._ZN4__rw21__rw_use_c_lib_localeC1EPKci  cpp_ws.l(locale.o)
    0x080040fc   0x080040fc   0x00000018   Code   RO         5122    i._ZN4__rw21__rw_use_c_lib_localeD1Ev  cpp_ws.l(char.o)
    0x08004114   0x08004114   0x00000098   Code   RO         5672    i._ZN4__rw25__rw_throw_exception_noexEiPc  cpp_ws.l(rwthrowproc_impl_noex.o)
    0x080041ac   0x080041ac   0x00000030   Code   RO         5652    i._ZN4__rw9__catfindEPNS_8__rw_catE  cpp_ws.l(rwcats.o)
    0x080041dc   0x080041dc   0x00000004   Code   RO         4658    i._ZNKSt14__rw_exception4whatEv  cpp_ws.l(rwstdexcept.o)
    0x080041e0   0x080041e0   0x00000072   Code   RO         5383    i._ZNKSt18__rw_messages_base11_C_cat_openERKSsRKSt6locale  cpp_ws.l(messages.o)
    0x08004252   0x08004252   0x00000020   Code   RO         5386    i._ZNKSt18__rw_messages_base13_C_get_localeEi  cpp_ws.l(messages.o)
    0x08004272   0x08004272   0x00000034   Code   RO         5387    i._ZNKSt18__rw_messages_base14_C_get_messageEiii  cpp_ws.l(messages.o)
    0x080042a6   0x080042a6   0x0000000e   Code   RO         5092    i._ZNKSt5ctypeIcE2isENSt10ctype_base4maskEc  cpp_ws.l(char.o)
    0x080042b4   0x080042b4   0x00000108   Code   RO         5211    i._ZNKSt6locale13_C_make_facetERKNS_2idEbiPFPN4__rw15__rw_facet_baseEiPKcjE  cpp_ws.l(locale.o)
    0x080043bc   0x080043bc   0x00000074   Code   RO         5213    i._ZNKSt6locale16_C_install_facetEPN4__rw15__rw_facet_baseERKNS_2idE  cpp_ws.l(locale.o)
    0x08004430   0x08004430   0x00000030   Code   RO         5214    i._ZNKSt6locale4nameEv  cpp_ws.l(locale.o)
    0x08004460   0x08004460   0x0000000c   Code   RO         4041    i._ZNSt11char_traitsIcE4copyEPcPKcj  adcled.o
    0x0800446c   0x0800446c   0x000000cc   Code   RO         4965    i._ZNSt12ctype_bynameIcE17_C_get_mask_tableEPKc  cpp_ws.l(char.o)
    0x08004538   0x08004538   0x00000120   Code   RO         4967    i._ZNSt12ctype_bynameIcEC1EPKcj  cpp_ws.l(char.o)
    0x08004658   0x08004658   0x0000000e   Code   RO         5199    i._ZNSt12ctype_bynameIcED0Ev  cpp_ws.l(char.o)
    0x08004666   0x08004666   0x00000008   Code   RO         5196    i._ZNSt12ctype_bynameIcED1Ev  cpp_ws.l(char.o)
    0x0800466e   0x0800466e   0x00000002   PAD
    0x08004670   0x08004670   0x00000084   Code   RO         4542    i._ZNSt14__rw_exception10_C_vformatEiSt9__va_list  cpp_ws.l(rwstdexcept.o)
    0x080046f4   0x080046f4   0x00000014   Code   RO         4608    i._ZNSt14__rw_exceptionC1Ev  cpp_ws.l(rwstdexcept.o)
    0x08004708   0x08004708   0x0000001c   Code   RO         4652    i._ZNSt14__rw_exceptionD1Ev  cpp_ws.l(rwstdexcept.o)
    0x08004724   0x08004724   0x00000008   Code   RO         4605    i._ZNSt18__rw_messages_baseD1Ev  cpp_ws.l(rwstdexcept.o)
    0x0800472c   0x0800472c   0x0000001a   Code   RO         5423    i._ZNSt18__rw_open_cat_dataC1Ev  cpp_ws.l(messages.o)
    0x08004746   0x08004746   0x0000000c   Code   RO         5420    i._ZNSt18__rw_open_cat_dataD1Ev  cpp_ws.l(messages.o)
    0x08004752   0x08004752   0x00000012   Code   RO         5426    i._ZNSt18__rw_open_cat_dataaSERKS_  cpp_ws.l(messages.o)
    0x08004764   0x08004764   0x000000fa   Code   RO         4969    i._ZNSt5ctypeIcE12_C_initfacetERKSt6locale  cpp_ws.l(char.o)
    0x0800485e   0x0800485e   0x00000002   PAD
    0x08004860   0x08004860   0x00000118   Code   RO         4971    i._ZNSt5ctypeIcEC1EPKNSt10ctype_base4maskEbj  cpp_ws.l(char.o)
    0x08004978   0x08004978   0x0000000e   Code   RO         5095    i._ZNSt5ctypeIcED0Ev  cpp_ws.l(char.o)
    0x08004986   0x08004986   0x00000002   PAD
    0x08004988   0x08004988   0x0000002c   Code   RO         5033    i._ZNSt5ctypeIcED1Ev  cpp_ws.l(char.o)
    0x080049b4   0x080049b4   0x0000000e   Code   RO         4649    i._ZNSt6locale5facetD0Ev  cpp_ws.l(rwstdexcept.o)
    0x080049c2   0x080049c2   0x00000002   PAD
    0x080049c4   0x080049c4   0x00000084   Code   RO         5217    i._ZNSt6locale7_C_initEv  cpp_ws.l(locale.o)
    0x08004a48   0x08004a48   0x00000044   Code   RO         5219    i._ZNSt6locale7classicEv  cpp_ws.l(locale.o)
    0x08004a8c   0x08004a8c   0x00000020   Code   RO         5349    i._ZNSt6localeC1EPN4__rw15__rw_locale_impE  cpp_ws.l(locale.o)
    0x08004aac   0x08004aac   0x0000000c   Code   RO         5429    i._ZNSt6localeC1ERKS_  cpp_ws.l(messages.o)
    0x08004ab8   0x08004ab8   0x00000020   Code   RO         4601    i._ZNSt6localeC1Ev  cpp_ws.l(rwstdexcept.o)
    0x08004ad8   0x08004ad8   0x00000020   Code   RO         5324    i._ZNSt6localeD1Ev  cpp_ws.l(locale.o)
    0x08004af8   0x08004af8   0x00000032   Code   RO         5227    i._ZNSt6localeaSERKS_  cpp_ws.l(locale.o)
    0x08004b2a   0x08004b2a   0x0000000e   Code   RO         4623    i._ZNSt8messagesIcED0Ev  cpp_ws.l(rwstdexcept.o)
    0x08004b38   0x08004b38   0x00000010   Code   RO         4592    i._ZNSt8messagesIcED1Ev  cpp_ws.l(rwstdexcept.o)
    0x08004b48   0x08004b48   0x0000000c   Code   RO         5458    i._ZNSt9exceptionC1Ev  cpprt_w.l(exception_ctor.o)
    0x08004b54   0x08004b54   0x0000003c   Code   RO         5404    i._ZSt13__rw_get_catsv  cpp_ws.l(messages.o)
    0x08004b90   0x08004b90   0x00000008   Code   RO         5435    i._ZdaPv            cpprt_w.l(array_del.o)
    0x08004b98   0x08004b98   0x00000008   Code   RO         5442    i._ZdlPv            cpprt_w.l(delete.o)
    0x08004ba0   0x08004ba0   0x00000008   Code   RO         5438    i._Znaj             cpprt_w.l(array_new.o)
    0x08004ba8   0x08004ba8   0x00000028   Code   RO         5445    i._Znwj             cpprt_w.l(new.o)
    0x08004bd0   0x08004bd0   0x0000001c   Code   RO         4914    i.__0fprintf        mc_w.l(printfa.o)
    0x08004bec   0x08004bec   0x00000028   Code   RO         4917    i.__0sprintf        mc_w.l(printfa.o)
    0x08004c14   0x08004c14   0x0000002c   Code   RO         4920    i.__0vsnprintf      mc_w.l(printfa.o)
    0x08004c40   0x08004c40   0x00000092   Code   RO         5951    i.__ARM_array_new_general  cpprt_w.l(array_new_general.o)
    0x08004cd2   0x08004cd2   0x00000002   PAD
    0x08004cd4   0x08004cd4   0x00000008   Code   RO         5628    i.__aeabi_errno_addr  mc_w.l(errno.o)
    0x08004cdc   0x08004cdc   0x00000010   Code   RO         5778    i.__aeabi_vec_dtor_cookie  cpprt_w.l(aeabi_vec_dtor_cookie.o)
    0x08004cec   0x08004cec   0x00000014   Code   RO         5775    i.__aeabi_vec_new_cookie  cpprt_w.l(aeabi_vec_new_cookie.o)
    0x08004d00   0x08004d00   0x00000010   Code   RO         5753    i.__cxa_guard_acquire  cpprt_w.l(cxa_guard_acquire.o)
    0x08004d10   0x08004d10   0x00000018   Code   RO         5911    i.__cxa_vec_new     cpprt_w.l(cxa_vec_new.o)
    0x08004d28   0x08004d28   0x0000000e   Code   RO         5977    i.__scatterload_copy  mc_w.l(handlers.o)
    0x08004d36   0x08004d36   0x00000002   Code   RO         5978    i.__scatterload_null  mc_w.l(handlers.o)
    0x08004d38   0x08004d38   0x0000000e   Code   RO         5979    i.__scatterload_zeroinit  mc_w.l(handlers.o)
    0x08004d46   0x08004d46   0x00000002   PAD
    0x08004d48   0x08004d48   0x00000010   Code   RO         5228    i.__sti___10_locale_cpp_ff99fc7b  cpp_ws.l(locale.o)
    0x08004d58   0x08004d58   0x00000038   Code   RO         5653    i.__sti___10_rwcats_cpp_64e8068e  cpp_ws.l(rwcats.o)
    0x08004d90   0x08004d90   0x00000010   Code   RO         4973    i.__sti___8_char_cpp_a3dc957a  cpp_ws.l(char.o)
    0x08004da0   0x08004da0   0x00000184   Code   RO         4922    i._fp_digits        mc_w.l(printfa.o)
    0x08004f24   0x08004f24   0x0000000e   Code   RO         5891    i._is_digit         mc_w.l(scanf_fp.o)
    0x08004f32   0x08004f32   0x00000002   PAD
    0x08004f34   0x08004f34   0x000006dc   Code   RO         4923    i._printf_core      mc_w.l(printfa.o)
    0x08005610   0x08005610   0x00000024   Code   RO         4924    i._printf_post_padding  mc_w.l(printfa.o)
    0x08005634   0x08005634   0x0000002e   Code   RO         4925    i._printf_pre_padding  mc_w.l(printfa.o)
    0x08005662   0x08005662   0x00000016   Code   RO         4926    i._snputc           mc_w.l(printfa.o)
    0x08005678   0x08005678   0x0000000a   Code   RO         4927    i._sputc            mc_w.l(printfa.o)
    0x08005682   0x08005682   0x00000002   PAD
    0x08005684   0x08005684   0x0000005c   Code   RO         3958    i.add_ADC_Value     adcled.o
    0x080056e0   0x080056e0   0x00000012   Code   RO         5606    i.fputc             mc_w.l(fputc.o)
    0x080056f2   0x080056f2   0x00000002   PAD
    0x080056f4   0x080056f4   0x00000050   Code   RO         5855    i.free              mc_w.l(malloc.o)
    0x08005744   0x08005744   0x00000120   Code   RO         3695    i.main              main.o
    0x08005864   0x08005864   0x0000000c   Code   RO          131    i.makeFreeRtosPriority  cmsis_os.o
    0x08005870   0x08005870   0x0000006c   Code   RO         5856    i.malloc            mc_w.l(malloc.o)
    0x080058dc   0x080058dc   0x0000000a   Code   RO          136    i.osKernelStart     cmsis_os.o
    0x080058e6   0x080058e6   0x00000014   Code   RO          169    i.osSystickHandler  cmsis_os.o
    0x080058fa   0x080058fa   0x0000002e   Code   RO          170    i.osThreadCreate    cmsis_os.o
    0x08005928   0x08005928   0x00000070   Code   RO          514    i.prvAddCurrentTaskToDelayedList  tasks.o
    0x08005998   0x08005998   0x000000d0   Code   RO          515    i.prvAddNewTaskToReadyList  tasks.o
    0x08005a68   0x08005a68   0x00000050   Code   RO          516    i.prvCheckTasksWaitingTermination  tasks.o
    0x08005ab8   0x08005ab8   0x00000026   Code   RO          960    i.prvCopyDataFromQueue  queue.o
    0x08005ade   0x08005ade   0x0000006c   Code   RO          961    i.prvCopyDataToQueue  queue.o
    0x08005b4a   0x08005b4a   0x00000014   Code   RO          517    i.prvDeleteTCB      tasks.o
    0x08005b5e   0x08005b5e   0x00000002   PAD
    0x08005b60   0x08005b60   0x00000048   Code   RO           10    i.prvHeapInit       heap_4.o
    0x08005ba8   0x08005ba8   0x00000028   Code   RO          518    i.prvIdleTask       tasks.o
    0x08005bd0   0x08005bd0   0x0000008e   Code   RO          519    i.prvInitialiseNewTask  tasks.o
    0x08005c5e   0x08005c5e   0x00000002   PAD
    0x08005c60   0x08005c60   0x0000004c   Code   RO           11    i.prvInsertBlockIntoFreeList  heap_4.o
    0x08005cac   0x08005cac   0x0000001c   Code   RO          962    i.prvIsQueueEmpty   queue.o
    0x08005cc8   0x08005cc8   0x00000020   Code   RO          520    i.prvResetNextTaskUnblockTime  tasks.o
    0x08005ce8   0x08005ce8   0x00000028   Code   RO          815    i.prvTaskExitError  port.o
    0x08005d10   0x08005d10   0x0000006a   Code   RO          963    i.prvUnlockQueue    queue.o
    0x08005d7a   0x08005d7a   0x00000002   PAD
    0x08005d7c   0x08005d7c   0x000000d8   Code   RO           12    i.pvPortMalloc      heap_4.o
    0x08005e54   0x08005e54   0x00000018   Code   RO          522    i.pvTaskIncrementMutexHeldCount  tasks.o
    0x08005e6c   0x08005e6c   0x00000024   Code   RO          816    i.pxPortInitialiseStack  port.o
    0x08005e90   0x08005e90   0x00000024   Code   RO         1096    i.uxListRemove      list.o
    0x08005eb4   0x08005eb4   0x00000016   Code   RO         1097    i.vListInitialise   list.o
    0x08005eca   0x08005eca   0x00000006   Code   RO         1098    i.vListInitialiseItem  list.o
    0x08005ed0   0x08005ed0   0x00000030   Code   RO         1099    i.vListInsert       list.o
    0x08005f00   0x08005f00   0x00000018   Code   RO         1100    i.vListInsertEnd    list.o
    0x08005f18   0x08005f18   0x00000040   Code   RO          818    i.vPortEnterCritical  port.o
    0x08005f58   0x08005f58   0x00000028   Code   RO          819    i.vPortExitCritical  port.o
    0x08005f80   0x08005f80   0x0000005c   Code   RO           13    i.vPortFree         heap_4.o
    0x08005fdc   0x08005fdc   0x00000020   Code   RO          820    i.vPortSetupTimerInterrupt  port.o
    0x08005ffc   0x08005ffc   0x00000054   Code   RO          821    i.vPortValidateInterruptPriority  port.o
    0x08006050   0x08006050   0x0000000c   Code   RO          531    i.vTaskMissedYield  tasks.o
    0x0800605c   0x0800605c   0x00000030   Code   RO          533    i.vTaskPlaceOnEventList  tasks.o
    0x0800608c   0x0800608c   0x00000084   Code   RO          535    i.vTaskPriorityInherit  tasks.o
    0x08006110   0x08006110   0x00000024   Code   RO          538    i.vTaskSetTimeOutState  tasks.o
    0x08006134   0x08006134   0x00000068   Code   RO          539    i.vTaskStartScheduler  tasks.o
    0x0800619c   0x0800619c   0x00000010   Code   RO          541    i.vTaskSuspendAll   tasks.o
    0x080061ac   0x080061ac   0x0000005c   Code   RO          542    i.vTaskSwitchContext  tasks.o
    0x08006208   0x08006208   0x00000074   Code   RO          822    i.xPortStartScheduler  port.o
    0x0800627c   0x0800627c   0x0000002c   Code   RO          823    i.xPortSysTickHandler  port.o
    0x080062a8   0x080062a8   0x00000048   Code   RO          971    i.xQueueGenericCreate  queue.o
    0x080062f0   0x080062f0   0x0000016c   Code   RO          972    i.xQueueGenericReceive  queue.o
    0x0800645c   0x0800645c   0x00000088   Code   RO          973    i.xQueueGenericReset  queue.o
    0x080064e4   0x080064e4   0x000000bc   Code   RO          975    i.xQueueGenericSendFromISR  queue.o
    0x080065a0   0x080065a0   0x0000006c   Code   RO          543    i.xTaskCheckForTimeOut  tasks.o
    0x0800660c   0x0800660c   0x00000056   Code   RO          544    i.xTaskCreate       tasks.o
    0x08006662   0x08006662   0x00000002   PAD
    0x08006664   0x08006664   0x0000001c   Code   RO          548    i.xTaskGetSchedulerState  tasks.o
    0x08006680   0x08006680   0x000000c8   Code   RO          551    i.xTaskIncrementTick  tasks.o
    0x08006748   0x08006748   0x00000098   Code   RO          554    i.xTaskPriorityDisinherit  tasks.o
    0x080067e0   0x080067e0   0x00000074   Code   RO          555    i.xTaskRemoveFromEventList  tasks.o
    0x08006854   0x08006854   0x000000c4   Code   RO          557    i.xTaskResumeAll    tasks.o
    0x08006918   0x08006918   0x00000014   Code   RO         4047    t._ZN4__rw12__string_refIcSt11char_traitsIcESaIcEE10_C_inc_refEv  adcled.o
    0x0800692c   0x0800692c   0x00000046   Code   RO         4614    t._ZN4__rw16__rw_facet_makerISt5ctypeIcEE13_C_maker_funcEiPKcj  cpp_ws.l(rwstdexcept.o)
    0x08006972   0x08006972   0x00000056   Code   RO         5327    t._ZN4__rw18__rw_locale_vectorIPNS_15__rw_facet_baseEE6resizeEjRKS2_  cpp_ws.l(locale.o)
    0x080069c8   0x080069c8   0x0000000e   Code   RO         5339    t._ZN4__rw18__rw_locale_vectorIPNS_15__rw_facet_baseEED1Ev  cpp_ws.l(locale.o)
    0x080069d6   0x080069d6   0x0000000e   Code   RO         5669    t._ZN4__rw18__rw_locale_vectorIPNS_8__rw_catEED1Ev  cpp_ws.l(rwcats.o)
    0x080069e4   0x080069e4   0x00000014   Code   RO         5342    t._ZN4__rw18__rw_locale_vectorISsED1Ev  cpp_ws.l(locale.o)
    0x080069f8   0x080069f8   0x00000088   Code   RO         5410    t._ZN4__rw18__rw_locale_vectorISt18__rw_open_cat_dataE6resizeEj  cpp_ws.l(messages.o)
    0x08006a80   0x08006a80   0x00000014   Code   RO         5416    t._ZN4__rw18__rw_locale_vectorISt18__rw_open_cat_dataED1Ev  cpp_ws.l(messages.o)
    0x08006a94   0x08006a94   0x00000010   Code   RO         4059    t._ZNKSs5emptyEv    adcled.o
    0x08006aa4   0x08006aa4   0x0000007c   Code   RO         4065    t._ZNKSs6substrEjj  adcled.o
    0x08006b20   0x08006b20   0x00000068   Code   RO         4077    t._ZNKSs7compareEjjPKcj  adcled.o
    0x08006b88   0x08006b88   0x00000090   Code   RO         4586    t._ZNKSt8messagesIcE6do_getEiiiRKSs  cpp_ws.l(rwstdexcept.o)
    0x08006c18   0x08006c18   0x00000006   Code   RO         4611    t._ZNKSt8messagesIcE7do_openERKSsRKSt6locale  cpp_ws.l(rwstdexcept.o)
    0x08006c1e   0x08006c1e   0x00000032   Code   RO         5296    t._ZNSs11_C_allocateEjjj  cpp_ws.l(locale.o)
    0x08006c50   0x08006c50   0x00000050   Code   RO         4023    t._ZNSs5eraseEjj    adcled.o
    0x08006ca0   0x08006ca0   0x00000018   Code   RO         5336    t._ZNSs7replaceEjjPKcj  cpp_ws.l(locale.o)
    0x08006cb8   0x08006cb8   0x00000168   Code   RO         5023    t._ZNSs7replaceEjjPKcjjj  cpp_ws.l(char.o)
    0x08006e20   0x08006e20   0x00000074   Code   RO         5011    t._ZNSs9_C_getRepEjj  cpp_ws.l(char.o)
    0x08006e94   0x08006e94   0x00000048   Code   RO         5020    t._ZNSs9_C_unlinkEv  cpp_ws.l(char.o)
    0x08006edc   0x08006edc   0x00000038   Code   RO         5299    t._ZNSsC1EPKcRKSaIcE  cpp_ws.l(locale.o)
    0x08006f14   0x08006f14   0x00000010   Code   RO         5333    t._ZNSsC1ERKSaIcE   cpp_ws.l(locale.o)
    0x08006f24   0x08006f24   0x0000003e   Code   RO         5014    t._ZNSsC1ERKSs      cpp_ws.l(char.o)
    0x08006f62   0x08006f62   0x0000000c   Code   RO         5085    t._ZNSsD1Ev         cpp_ws.l(char.o)
    0x08006f6e   0x08006f6e   0x00000002   PAD
    0x08006f70   0x08006f70   0x0000004c   Code   RO         5305    t._ZNSsaSEPKc       cpp_ws.l(locale.o)
    0x08006fbc   0x08006fbc   0x0000003e   Code   RO         5302    t._ZNSsaSERKSs      cpp_ws.l(locale.o)
    0x08006ffa   0x08006ffa   0x00000002   PAD
    0x08006ffc   0x08006ffc   0x0000005c   Code   RO         4029    t._ZNSsixEj         adcled.o
    0x08007058   0x08007058   0x0000000c   Code   RO         4053    t._ZSt3maxIjERKT_S2_S2_  adcled.o
    0x08007064   0x08007064   0x00000028   Code   RO         4071    t._ZSteqIcSt11char_traitsIcESaIcEEbRKSbIT_T0_T1_EPKS3_  adcled.o
    0x0800708c   0x0800708c   0x00000010   Data   RO         3608    .constdata          system_stm32f1xx.o
    0x0800709c   0x0800709c   0x00000008   Data   RO         3609    .constdata          system_stm32f1xx.o
    0x080070a4   0x080070a4   0x0000003c   Data   RO         3698    .constdata          main.o
    0x080070e0   0x080070e0   0x0000005c   Data   RO         4562    .constdata          cpp_ws.l(rwstdexcept.o)
    0x0800713c   0x0800713c   0x00000200   Data   RO         4993    .constdata          cpp_ws.l(char.o)
    0x0800733c   0x0800733c   0x00000081   Data   RO         5804    .constdata          mc_w.l(ctype_o.o)
    0x080073bd   0x080073bd   0x00000003   PAD
    0x080073c0   0x080073c0   0x00000004   Data   RO         5805    .constdata          mc_w.l(ctype_o.o)
    0x080073c4   0x080073c4   0x00000014   Data   RO         4637    .constdata__ZTVNSt6locale5facetE  cpp_ws.l(rwstdexcept.o)
    0x080073d8   0x080073d8   0x00000034   Data   RO         5163    .constdata__ZTVSt12ctype_bynameIcE  cpp_ws.l(char.o)
    0x0800740c   0x0800740c   0x00000014   Data   RO         4639    .constdata__ZTVSt14__rw_exception  cpp_ws.l(rwstdexcept.o)
    0x08007420   0x08007420   0x00000034   Data   RO         5004    .constdata__ZTVSt5ctypeIcE  cpp_ws.l(char.o)
    0x08007454   0x08007454   0x00000020   Data   RO         4575    .constdata__ZTVSt8messagesIcE  cpp_ws.l(rwstdexcept.o)
    0x08007474   0x08007474   0x00000014   Data   RO         5468    .constdata__ZTVSt9exception  cpprt_w.l(exception_dtor.o)
    0x08007488   0x08007488   0x00000001   Data   RO         5293    .constdata__ZZNK4__rw15__rw_locale_imp16_C_category_nameEiEs  cpp_ws.l(locale.o)
    0x08007489   0x08007489   0x00000001   Data   RO         3996    .constdata__ZZNKSs6substrEjjEs  adcled.o
    0x0800748a   0x0800748a   0x00000001   Data   RO         3997    .constdata__ZZNKSs7compareEjjPKcjEs  adcled.o
    0x0800748b   0x0800748b   0x00000001   Data   RO         3993    .constdata__ZZNSs5eraseEjjEs  adcled.o
    0x0800748c   0x0800748c   0x00000001   Data   RO         3994    .constdata__ZZNSs7replaceEjjPKcjjjEs  adcled.o
    0x0800748d   0x0800748d   0x00000001   Data   RO         3998    .constdata__ZZNSs9_C_getRepEjjEs  adcled.o
    0x0800748e   0x0800748e   0x00000001   Data   RO         3995    .constdata__ZZNSsC1EPKcjRKSaIcEEs  adcled.o
    0x0800748f   0x0800748f   0x00000002   Data   RO         4576    .constdata__ZZNSt8messagesIcEC1EjEs  cpp_ws.l(rwstdexcept.o)
    0x08007491   0x08007491   0x00000003   PAD
    0x08007494   0x08007494   0x00000023   Data   RO         3699    .conststring        main.o
    0x080074b7   0x080074b7   0x00000001   PAD
    0x080074b8   0x080074b8   0x00000272   Data   RO         4563    .conststring        cpp_ws.l(rwstdexcept.o)
    0x0800772a   0x0800772a   0x00000002   PAD
    0x0800772c   0x0800772c   0x00000020   Data   RO         5976    Region$$Table       anon$$obj.o
    0x0800774c   0x0800774c   0x00000004   Data   RO         4995    .init_array         cpp_ws.l(char.o)
    0x08007750   0x0800774c   0x00000004   Data   RO         5276    .init_array         cpp_ws.l(locale.o)
    0x08007754   0x0800774c   0x00000004   Data   RO         5663    .init_array         cpp_ws.l(rwcats.o)
    0x08007758   0x0800774c   0x00000000   Data   RO         5972    .init_array         mc_w.l(cpp_init.o)


    Execution Region RW_IRAM1 (Exec base: 0x20000000, Load base: 0x08007758, Size: 0x00002168, Max: 0x00005000, ABSOLUTE)

    Exec Addr    Load Addr    Size         Type   Attr      Idx    E Section Name        Object

    0x20000000   0x08007758   0x00000018   Data   RW           18    .data               heap_4.o
    0x20000018   0x08007770   0x0000003c   Data   RW          560    .data               tasks.o
    0x20000054   0x080077ac   0x0000000c   Data   RW          824    .data               port.o
    0x20000060   0x080077b8   0x0000000c   Data   RW         1574    .data               stm32f1xx_hal.o
    0x2000006c   0x080077c4   0x00000004   Data   RW         3610    .data               system_stm32f1xx.o
    0x20000070   0x080077c8   0x00000020   Data   RW         3700    .data               main.o
    0x20000090   0x080077e8   0x00000017   Data   RW         4564    .data               cpp_ws.l(rwstdexcept.o)
    0x200000a7   0x080077ff   0x00000001   PAD
    0x200000a8   0x08007800   0x00000008   Data   RW         4994    .data               cpp_ws.l(char.o)
    0x200000b0   0x08007808   0x0000001c   Data   RW         5275    .data               cpp_ws.l(locale.o)
    0x200000cc   0x08007824   0x00000004   Data   RW         5434    .data               cpp_ws.l(rwthrowproc_noex.o)
    0x200000d0   0x08007828   0x00000004   Data   RW         5609    .data               mc_w.l(stderr.o)
    0x200000d4   0x0800782c   0x00000004   Data   RW         5631    .data               mc_w.l(errno.o)
    0x200000d8   0x08007830   0x00000008   Data   RW         5662    .data               cpp_ws.l(rwcats.o)
    0x200000e0   0x08007838   0x0000000c   Data   RW         5901    .data               mc_w.l(cpp_memory.o)
    0x200000ec   0x08007844   0x00000004   Data   RW         5934    .data               mc_w.l(mvars.o)
    0x200000f0   0x08007848   0x00000004   Data   RW         5935    .data               mc_w.l(mvars.o)
    0x200000f4   0x0800784c   0x00000004   Data   RW         5943    .data               mc_w.l(cpp_dtor.o)
    0x200000f8   0x08007850   0x00000004   Data   RW         5376    .data__ZZNKSt6locale2id7_C_initEvE9_C_id_gen  cpp_ws.l(locale.o)
    0x200000fc   0x08007854   0x0000000c   Data   RW         5432    .data__ZZSt13__rw_get_catsvE11__open_cats  cpp_ws.l(messages.o)
    0x20000108        -       0x00001770   Zero   RW           17    .bss                heap_4.o
    0x20001878        -       0x000000f0   Zero   RW          559    .bss                tasks.o
    0x20001968        -       0x00000040   Zero   RW         3647    .bss                stm32f1xx_hal_timebase_tim.o
    0x200019a8        -       0x00000150   Zero   RW         3696    .bss                main.o
    0x20001af8        -       0x00000044   Zero   RW         3697    .bss                main.o
    0x20001b3c   0x08007860   0x00000004   PAD
    0x20001b40        -       0x00000018   Zero   RW         4561    .bss                cpp_ws.l(rwstdexcept.o)
    0x20001b58        -       0x00000010   Zero   RW         5736    .bss__ZNSs9__nullrefE  cpp_ws.l(vendor.o)
    0x20001b68        -       0x00000200   Zero   RW            2    HEAP                startup_stm32f103xb.o
    0x20001d68        -       0x00000400   Zero   RW            1    STACK               startup_stm32f103xb.o


==============================================================================

Image component sizes


      Code (inc. data)   RO Data    RW Data    ZI Data      Debug   Object Name

      1180        134          6          0          0      39986   adcled.o
        88          0          0          0          0      19162   cmsis_os.o
         0          0          0          0          0       8004   croutine.o
       456         22          0         24       6000      15167   heap_4.o
       136          0          0          0          0       3218   list.o
      1138        144         95         32        404      12114   main.o
       606         72          0         12          0      10681   port.o
      1040          8          0          0          0      10117   queue.o
        36          8        236          0       1536        772   startup_stm32f103xb.o
        64         14          0         12          0       2434   stm32f1xx_hal.o
      1186         54          0          0          0       8406   stm32f1xx_hal_adc.o
       218         14          0          0          0      26149   stm32f1xx_hal_cortex.o
       794         36          0          0          0       4702   stm32f1xx_hal_dma.o
       454         36          0          0          0       2792   stm32f1xx_hal_gpio.o
       520         88          0          0          0       3324   stm32f1xx_hal_msp.o
      1360        114          0          0          0       6041   stm32f1xx_hal_rcc.o
       236         12          0          0          0       1328   stm32f1xx_hal_rcc_ex.o
      1558         40          0          0          0      14788   stm32f1xx_hal_tim.o
        84          0          0          0          0     444110   stm32f1xx_hal_tim_ex.o
       116         18          0          0         64       1356   stm32f1xx_hal_timebase_tim.o
      1412         10          0          0          0       9471   stm32f1xx_hal_uart.o
        64         24          0          0          0       4353   stm32f1xx_it.o
        72         16         24          4          0       1075   system_stm32f1xx.o
      1984        162          0         60        240      28188   tasks.o

    ----------------------------------------------------------------------
     14836       1026        394        144       8248     677738   Object Totals
         0          0         32          0          0          0   (incl. Generated)
        34          0          1          0          4          0   (incl. Padding)

    ----------------------------------------------------------------------

      Code (inc. data)   RO Data    RW Data    ZI Data      Debug   Library Member Name

      1780         68        620          8          0       1340   char.o
      1502         80          5         32          0       1760   locale.o
       482         34          0         12          0        784   messages.o
        36          0          0          0          0        144   rwalloc.o
       184         24          4          8          0        400   rwcats.o
      1000         68        792         23         24       1220   rwstdexcept.o
       152         94          0          0          0         72   rwthrowproc_impl_noex.o
         0          0          0          4          0          0   rwthrowproc_noex.o
         0          0          0          0         16          0   vendor.o
        28          0          0          0          0         84   ARM_vec_cleanup_noexceptions.o
        14          0          0          0          0         80   aeabi_vec_delete_noexceptions.o
        16          0          0          0          0         68   aeabi_vec_dtor_cookie.o
        34          0          0          0          0         84   aeabi_vec_dtor_noexceptions.o
        20          0          0          0          0         80   aeabi_vec_new_cookie.o
        80         12          0          0          0        104   arm_exceptions_globs.o
        60          0          0          0          0        108   arm_exceptions_mem.o
        26          0          0          0          0         76   arm_exceptions_terminate.o
         4          0          0          0          0         68   arm_newhandler_noexceptions.o
         2          0          0          0          0         68   arm_rethrow_noexceptions.o
         8          0          0          0          0         76   array_del.o
         8          0          0          0          0         76   array_new.o
       146          0          0          0          0         96   array_new_general.o
        16          0          0          0          0         68   cxa_guard_acquire.o
        24          6          0          0          0         84   cxa_vec_new.o
         8          0          0          0          0         76   delete.o
        12          6          0          0          0         68   exception_ctor.o
         0          0         20          0          0          0   exception_dtor.o
        40          6          0          0          0         76   new.o
        28          0          0          0          0         68   _chval.o
       812          4          0          0          0        112   _scanf.o
       332          0          0          0          0         96   _scanf_int.o
       342          0          0          0          0        100   _scanf_longlong.o
       224          0          0          0          0         96   _scanf_str.o
        64          0          0          0          0         84   _sgetc.o
       158          0          0          0          0         92   _strtoul.o
        46          0          0          0          0         84   aeabi_atexit.o
        26          0          0          0          0         80   atoi.o
         8          4          0          4          0         68   cpp_dtor.o
         2          0          0          0          0         68   cpp_final.o
        32         10          0          0          0         80   cpp_init.o
        20          4          0         12          0        136   cpp_memory.o
         8          4        133          0          0         68   ctype_o.o
        66          0          0          0          0         84   cxa_finalize.o
         0          0          0          0          0          0   entry.o
         0          0          0          0          0          0   entry10a.o
         4          0          0          0          0          0   entry10b.o
         0          0          0          0          0          0   entry11a.o
         8          4          0          0          0          0   entry2.o
         4          0          0          0          0          0   entry5.o
         0          0          0          0          0          0   entry7b.o
         4          0          0          0          0          0   entry8a.o
         0          0          0          0          0          0   entry8b.o
         8          4          0          0          0          0   entry9a.o
         8          4          0          4          0         68   errno.o
        18          0          0          0          0         80   fputc.o
        30          0          0          0          0          0   handlers.o
        36          8          0          0          0         68   init.o
        18          0          0          0          0         76   isspace_o.o
         0          0          0          0          0          0   iusefp.o
         0          0          0          0          0          0   iusesemip.o
        30          0          0          0          0         68   llshl.o
        36          0          0          0          0         68   llsshr.o
        32          0          0          0          0         68   llushr.o
       188         20          0          0          0        160   malloc.o
        26          0          0          0          0         80   memcmp.o
        66          0          0          0          0         76   memmove.o
        64          0          0          0          0         76   memmovea.o
         0          0          0          8          0          0   mvars.o
      2370         96          0          0          0        752   printfa.o
        40          8          0          0          0         84   scanf_char.o
       878         12          0          0          0        216   scanf_fp.o
         0          0          0          0          0          0   semi.o
        56          8          0          0          0         84   sscanf.o
         0          0          0          4          0          0   stderr.o
        24          0          0          0          0         68   strcat.o
        28          0          0          0          0         76   strcmp.o
        18          0          0          0          0         68   strcpy.o
        14          0          0          0          0         68   strlen.o
        32          0          0          0          0         68   strrchr.o
        28          0          0          0          0         80   strspn.o
        36          0          0          0          0         80   strstr.o
       112          0          0          0          0         88   strtol.o
        44          0          0          0          0         80   uidiv.o
        98          0          0          0          0         92   uldiv.o
        48          0          0          0          0         68   cdrcmple.o
        56          0          0          0          0         88   d2f.o
       334          0          0          0          0        148   dadd.o
       222          0          0          0          0        100   ddiv.o
       186          0          0          0          0        176   depilogue.o
        62          0          0          0          0         80   dfixi.o
        48          0          0          0          0         68   dfixul.o
        24          0          0          0          0         76   dfltul.o
       228          0          0          0          0         96   dmul.o
        38          0          0          0          0         68   f2d.o
       124          0          0          0          0         88   fdiv.o
       110          0          0          0          0        168   fepilogue.o
        18          0          0          0          0         68   fflti.o

    ----------------------------------------------------------------------
     13740        588       1582        120         40      12560   Library Totals
        34          0          8          1          0          0   (incl. Padding)

    ----------------------------------------------------------------------

      Code (inc. data)   RO Data    RW Data    ZI Data      Debug   Library Name

      5136        368       1421         87         40       5720   cpp_ws.l
       546         30         20          0          0       1440   cpprt_w.l
      6526        190        133         32          0       4108   mc_w.l
      1498          0          0          0          0       1292   mf_w.l

    ----------------------------------------------------------------------
     13740        588       1582        120         40      12560   Library Totals

    ----------------------------------------------------------------------

==============================================================================


      Code (inc. data)   RO Data    RW Data    ZI Data      Debug   

     28576       1614       1976        264       8288     673862   Grand Totals
     28576       1614       1976        264       8288     673862   ELF Image Totals
     28576       1614       1976        264          0          0   ROM Totals

==============================================================================

    Total RO  Size (Code + RO Data)                30552 (  29.84kB)
    Total RW  Size (RW Data + ZI Data)              8552 (   8.35kB)
    Total ROM Size (Code + RO Data + RW Data)      30816 (  30.09kB)

==============================================================================

